Archive member included to satisfy reference by file (symbol)

/opt/devkitpro//libnx/lib/libnx.a(applet.o)
                              main.o (appletMainLoop)
/opt/devkitpro//libnx/lib/libnx.a(sm.o)
                              /opt/devkitpro//libnx/lib/libnx.a(applet.o) (smGetServiceWrapper)
/opt/devkitpro//libnx/lib/libnx.a(default_window.o)
                              main.o (nwindowGetDefault)
/opt/devkitpro//libnx/lib/libnx.a(framebuffer.o)
                              main.o (framebufferMakeLinear)
/opt/devkitpro//libnx/lib/libnx.a(native_window.o)
                              /opt/devkitpro//libnx/lib/libnx.a(framebuffer.o) (nwindowIsValid)
/opt/devkitpro//libnx/lib/libnx.a(alloc.o)
                              /opt/devkitpro//libnx/lib/libnx.a(framebuffer.o) (__libnx_alloc)
/opt/devkitpro//libnx/lib/libnx.a(diag.o)
                              /opt/devkitpro//libnx/lib/libnx.a(applet.o) (diagAbortWithResult)
/opt/devkitpro//libnx/lib/libnx.a(env.o)
                              /opt/devkitpro//libnx/lib/libnx.a(applet.o) (envIsNso)
/opt/devkitpro//libnx/lib/libnx.a(hosversion.o)
                              /opt/devkitpro//libnx/lib/libnx.a(applet.o) (hosversionGet)
/opt/devkitpro//libnx/lib/libnx.a(pad.o)
                              main.o (padConfigureInput)
/opt/devkitpro//libnx/lib/libnx.a(cache.o)
                              /opt/devkitpro//libnx/lib/libnx.a(framebuffer.o) (armDCacheFlush)
/opt/devkitpro//libnx/lib/libnx.a(svc.o)
                              /opt/devkitpro//libnx/lib/libnx.a(applet.o) (svcExitProcess)
/opt/devkitpro//libnx/lib/libnx.a(readtp.o)
                              main.o (__aarch64_read_tp)
/opt/devkitpro//libnx/lib/libnx.a(switch_crt0.o)
                              (_start)
/opt/devkitpro//libnx/lib/libnx.a(event.o)
                              /opt/devkitpro//libnx/lib/libnx.a(applet.o) (eventLoadRemote)
/opt/devkitpro//libnx/lib/libnx.a(mutex.o)
                              /opt/devkitpro//libnx/lib/libnx.a(applet.o) (mutexLock)
/opt/devkitpro//libnx/lib/libnx.a(tmem.o)
                              /opt/devkitpro//libnx/lib/libnx.a(applet.o) (tmemCreate)
/opt/devkitpro//libnx/lib/libnx.a(virtmem.o)
                              /opt/devkitpro//libnx/lib/libnx.a(tmem.o) (virtmemLock)
/opt/devkitpro//libnx/lib/libnx.a(wait.o)
                              /opt/devkitpro//libnx/lib/libnx.a(applet.o) (waitObjects)
/opt/devkitpro//libnx/lib/libnx.a(apm.o)
                              /opt/devkitpro//libnx/lib/libnx.a(applet.o) (apmInitialize)
/opt/devkitpro//libnx/lib/libnx.a(hid.o)
                              /opt/devkitpro//libnx/lib/libnx.a(pad.o) (hidGetNpadStyleSet)
/opt/devkitpro//libnx/lib/libnx.a(nv.o)
                              /opt/devkitpro//libnx/lib/libnx.a(framebuffer.o) (nvInitialize)
/opt/devkitpro//libnx/lib/libnx.a(vi.o)
                              /opt/devkitpro//libnx/lib/libnx.a(default_window.o) (viInitialize)
/opt/devkitpro//libnx/lib/libnx.a(fence.o)
                              /opt/devkitpro//libnx/lib/libnx.a(framebuffer.o) (nvFenceInit)
/opt/devkitpro//libnx/lib/libnx.a(map.o)
                              /opt/devkitpro//libnx/lib/libnx.a(framebuffer.o) (nvMapInit)
/opt/devkitpro//libnx/lib/libnx.a(nvhost-ctrl.o)
                              /opt/devkitpro//libnx/lib/libnx.a(fence.o) (nvioctlNvhostCtrl_EventSignal)
/opt/devkitpro//libnx/lib/libnx.a(nvmap.o)
                              /opt/devkitpro//libnx/lib/libnx.a(map.o) (nvioctlNvmap_Create)
/opt/devkitpro//libnx/lib/libnx.a(binder.o)
                              /opt/devkitpro//libnx/lib/libnx.a(native_window.o) (binderCreate)
/opt/devkitpro//libnx/lib/libnx.a(buffer_producer.o)
                              /opt/devkitpro//libnx/lib/libnx.a(native_window.o) (bqRequestBuffer)
/opt/devkitpro//libnx/lib/libnx.a(parcel.o)
                              /opt/devkitpro//libnx/lib/libnx.a(buffer_producer.o) (parcelCreate)
/opt/devkitpro//libnx/lib/libnx.a(argv.o)
                              /opt/devkitpro//libnx/lib/libnx.a(switch_crt0.o) (__system_argc)
/opt/devkitpro//libnx/lib/libnx.a(dynamic.o)
                              /opt/devkitpro//libnx/lib/libnx.a(switch_crt0.o) (__nx_dynamic)
/opt/devkitpro//libnx/lib/libnx.a(init.o)
                              /opt/devkitpro//libnx/lib/libnx.a(switch_crt0.o) (__libnx_init)
/opt/devkitpro//libnx/lib/libnx.a(newlib.o)
                              /opt/devkitpro//libnx/lib/libnx.a(init.o) (__libnx_init_time)
/opt/devkitpro//libnx/lib/libnx.a(nxlink.o)
                              /opt/devkitpro//libnx/lib/libnx.a(argv.o) (nxlinkSetup)
/opt/devkitpro//libnx/lib/libnx.a(fs_dev.o)
                              /opt/devkitpro//libnx/lib/libnx.a(init.o) (fsdevMountSdmc)
/opt/devkitpro//libnx/lib/libnx.a(path_buf.o)
                              /opt/devkitpro//libnx/lib/libnx.a(fs_dev.o) (__nx_dev_path_buf)
/opt/devkitpro//libnx/lib/libnx.a(decode_utf8.o)
[...]
Memory Configuration

Name             Origin             Length             Attributes
*default*        0x0000000000000000 0xffffffffffffffff

Linker script and memory map

                0x0000000000000000                PROVIDE (__start__ = 0x0)
                0x0000000000000000                . = __start__
                [!provide]                        PROVIDE (__code_start = .)

.text           0x0000000000000000    0x30d88
 *(.crt0)
 .crt0          0x0000000000000000      0x124 /opt/devkitpro//libnx/lib/libnx.a(switch_crt0.o)
                0x0000000000000000                _start
                0x00000000000000e0                __nx_exit
                0x00000000000000f0                __nx_mod0
 *(.text.unlikely .text.*_unlikely .text.unlikely.*)
 *(.text.exit .text.exit.*)
 *fill*         0x0000000000000124       0x1c 
 .text.exit     0x0000000000000140       0x34 /opt/devkitpro/devkitA64/bin/../lib/gcc/aarch64-none-elf/15.1.0/../../../../aarch64-none-elf/lib/pic/libg.a(libc_a-exit.o)
                0x0000000000000140                exit
 *(.text.startup .text.startup.*)
 *fill*         0x0000000000000174        0xc 
 .text.startup.main
                0x0000000000000180      0x1f8 main.o
                0x0000000000000180                main
 *(.text.hot .text.hot.*)
 *(.text .stub .text.* .gnu.linkonce.t.*)
 *fill*         0x0000000000000378        0x8 
 .text.__do_global_dtors_aux
                0x0000000000000380       0x50 /opt/devkitpro/devkitA64/bin/../lib/gcc/aarch64-none-elf/15.1.0/pic/crtbegin.o
 *fill*         0x00000000000003d0       0x10 
 .text.frame_dummy
                0x00000000000003e0       0x24 /opt/devkitpro/devkitA64/bin/../lib/gcc/aarch64-none-elf/15.1.0/pic/crtbegin.o
 *fill*         0x0000000000000404        0xc 
 .text.clearLog
                0x0000000000000410       0x24 logger.o
                0x0000000000000410                clearLog
 *fill*         0x0000000000000434        0xc 
 .text.logIntToFile
                0x0000000000000440       0x4c logger.o
                0x0000000000000440                logIntToFile
 *fill*         0x000000000000048c        0x4 
 .text.logPointerToFile
                0x0000000000000490       0x5c logger.o
                0x0000000000000490                logPointerToFile
 *fill*         0x00000000000004ec        0x4 
 .text.logToFile
                0x00000000000004f0       0x4c logger.o
                0x00000000000004f0                logToFile
 *fill*         0x000000000000053c        0x4 
 .text.stbi__stdio_eof
                0x0000000000000540       0x10 main.o
 .text.stbi__mad3sizes_valid
                0x0000000000000550       0x7c main.o
 *fill*         0x00000000000005cc        0x4 
 .text.stbi__refill_buffer
                0x00000000000005d0       0x74 main.o
 *fill*         0x0000000000000644        0xc 
 .text.stbi__idct_block
                0x0000000000000650      0x3ec main.o
 *fill*         0x0000000000000a3c        0x4 
 .text.resample_row_1
                0x0000000000000a40        0x8 main.o
 *fill*         0x0000000000000a48        0x8 
 .text.stbi__resample_row_v_2
                0x0000000000000a50       0x3c main.o
 *fill*         0x0000000000000a8c        0x4 
 .text.stbi__resample_row_hv_2
                0x0000000000000a90       0xa0 main.o
 .text.stbi__resample_row_generic
                0x0000000000000b30       0x64 main.o
 *fill*         0x0000000000000b94        0xc 
 .text.stbi__YCbCr_to_RGB_row
                0x0000000000000ba0       0xe4 main.o
 *fill*         0x0000000000000c84        0xc 
 .text.stbi__bitreverse16
                0x0000000000000c90       0x48 main.o
 *fill*         0x0000000000000cd8        0x8 
 .text.stbi__fill_bits
                0x0000000000000ce0       0x54 main.o
 *fill*         0x0000000000000d34        0xc 
 .text.stbi__zhuffman_decode
                0x0000000000000d40      0x128 main.o
 *fill*         0x0000000000000e68        0x8 
 .text.stbi__high_bit
                0x0000000000000e70       0x6c main.o
 *fill*         0x0000000000000edc        0x4 
 .text.stbi__out_gif_code
                0x0000000000000ee0      0x118 main.o
 *fill*         0x0000000000000ff8        0x8 
 .text.stbi__stdio_skip
                0x0000000000001000       0x48 main.o
 *fill*         0x0000000000001048        0x8 
 .text.stbi__stdio_read
                0x0000000000001050       0x24 main.o
 *fill*         0x0000000000001074        0xc 
 .text.stbi__build_huffman
                0x0000000000001080      0x1dc main.o
 *fill*         0x000000000000125c        0x4 
 .text.stbi__zexpand
                0x0000000000001260       0xb4 main.o
 *fill*         0x0000000000001314        0xc 
 .text.stbi__getn
                0x0000000000001320       0xd4 main.o
 *fill*         0x00000000000013f4        0xc 
 .text.stbi__vertical_flip
                0x0000000000001400       0xf0 main.o
 .text.stbi__convert_format16
                0x00000000000014f0      0xa94 main.o
 *fill*         0x0000000000001f84        0xc 
 .text.stbi__hdr_convert
                0x0000000000001f90      0x118 main.o
 *fill*         0x00000000000020a8        0x8 
 .text.stbi__resample_row_h_2
                0x00000000000020b0       0xe0 main.o
 .text.stbi__create_png_alpha_expand8
                0x0000000000002190       0xac main.o
 *fill*         0x000000000000223c        0x4 
 .text.stbi__shiftsigned
                0x0000000000002240       0x78 main.o
 *fill*         0x00000000000022b8        0x8 
 .text.stbi__free_jpeg_components.constprop.0
                0x00000000000022c0       0x7c main.o
 *fill*         0x000000000000233c        0x4 
 .text.stbi__mad4sizes_valid.constprop.0
                0x0000000000002340       0x8c main.o
 *fill*         0x00000000000023cc        0x4 
 .text.stbi__zbuild_huffman
                0x00000000000023d0      0x208 main.o
 *fill*         0x00000000000025d8        0x8 
 .text.stbi__malloc_mad2
                0x00000000000025e0       0x4c main.o
 *fill*         0x000000000000262c        0x4 
 .text.stbi__pnm_getinteger
                0x0000000000002630      0x12c main.o
 *fill*         0x000000000000275c        0x4 
 .text.stbi__pnm_skip_whitespace
                0x0000000000002760      0x1c0 main.o
 .text.stbi__gif_parse_colortable
                0x0000000000002920      0x168 main.o
 *fill*         0x0000000000002a88        0x8 
 .text.stbi__compute_huffman_codes
                0x0000000000002a90      0x2ec main.o
 *fill*         0x0000000000002d7c        0x4 
 .text.stbi__parse_zlib
                0x0000000000002d80      0x628 main.o
 *fill*         0x00000000000033a8        0x8 
 .text.stbi__malloc_mad3
                0x00000000000033b0       0x64 main.o
 *fill*         0x0000000000003414        0xc 
 .text.stbi__convert_format
                0x0000000000003420      0xa30 main.o
 .text.stbi__create_png_image_raw
                0x0000000000003e50      0x904 main.o
 *fill*         0x0000000000004754        0xc 
 .text.stbi__hdr_test
                0x0000000000004760      0x154 main.o
 *fill*         0x00000000000048b4        0xc 
 .text.stbi__skip
                0x00000000000048c0       0x54 main.o
 *fill*         0x0000000000004914        0xc 
 .text.stbi__get16be
                0x0000000000004920       0xb0 main.o
 .text.stbi__get16le
                0x00000000000049d0       0xac main.o
 *fill*         0x0000000000004a7c        0x4 
 .text.stbi__get32le
                0x0000000000004a80      0x148 main.o
 *fill*         0x0000000000004bc8        0x8 
 .text.stbi__get32be
                0x0000000000004bd0      0x15c main.o
 *fill*         0x0000000000004d2c        0x4 
 .text.stbi__hdr_gettoken
                0x0000000000004d30      0x188 main.o
 *fill*         0x0000000000004eb8        0x8 
 .text.stbi__get_marker
                0x0000000000004ec0       0xf0 main.o
 .text.stbi__grow_buffer_unsafe
                0x0000000000004fb0      0x114 main.o
 *fill*         0x00000000000050c4        0xc 
 .text.stbi__extend_receive
                0x00000000000050d0       0x94 main.o
 *fill*         0x0000000000005164        0xc 
 .text.stbi__jpeg_huff_decode
                0x0000000000005170      0x168 main.o
 *fill*         0x00000000000052d8        0x8 
 .text.stbi__jpeg_decode_block
                0x00000000000052e0      0x2b4 main.o
 *fill*         0x0000000000005594        0xc 
 .text.stbi__jpeg_decode_block_prog_dc
                0x00000000000055a0      0x240 main.o
 .text.stbi__pnm_info
                0x00000000000057e0      0x210 main.o
 .text.stbi__bmp_parse_header.constprop.0
                0x00000000000059f0      0x40c main.o
 *fill*         0x0000000000005dfc        0x4 
 .text.stbi__bmp_load.isra.0
                0x0000000000005e00      0xe84 main.o
 *fill*         0x0000000000006c84        0xc 
 .text.stbi__gif_test_raw
                0x0000000000006c90      0x198 main.o
 *fill*         0x0000000000006e28        0x8 
 .text.stbi__hdr_load.isra.0
                0x0000000000006e30      0x6bc main.o
 *fill*         0x00000000000074ec        0x4 
 .text.stbi__gif_header
                0x00000000000074f0      0x438 main.o
 *fill*         0x0000000000007928        0x8 
 .text.stbi__gif_load_next.isra.0
                0x0000000000007930      0x9d0 main.o
 .text.stbi__gif_load.isra.0
                0x0000000000008300       0xd0 main.o
 .text.stbi__process_marker
                0x00000000000083d0      0x830 main.o
 .text.stbi__decode_jpeg_header
                0x0000000000008c00      0x87c main.o
 *fill*         0x000000000000947c        0x4 
 .text.stbi__decode_jpeg_image
                0x0000000000009480     0x1480 main.o
 .text.stbi_zlib_decode_malloc_guesssize_headerflag
                0x000000000000a900       0xa8 main.o
                0x000000000000a900                stbi_zlib_decode_malloc_guesssize_headerflag
 *fill*         0x000000000000a9a8        0x8 
 .text.stbi__parse_png_file
                0x000000000000a9b0     0x1348 main.o
 *fill*         0x000000000000bcf8        0x8 
 .text.stbi__load_main
                0x000000000000bd00     0x30d4 main.o
 *fill*         0x000000000000edd4        0xc 
 .text.stbi__load_and_postprocess_8bit
                0x000000000000ede0      0x17c main.o
 *fill*         0x000000000000ef5c        0x4 
 .text.stbi_load_from_file
                0x000000000000ef60       0xe8 main.o
                0x000000000000ef60                stbi_load_from_file
 *fill*         0x000000000000f048        0x8 
 .text.initImagesBuffers
                0x000000000000f050       0x30 main.o
                0x000000000000f050                initImagesBuffers
 .text.clearImagesBuffers
                0x000000000000f080       0xa0 main.o
                0x000000000000f080                clearImagesBuffers
 .text.drawLine
                0x000000000000f120       0xb4 main.o
                0x000000000000f120                drawLine
 *fill*         0x000000000000f1d4        0xc 
 .text.loadPngImageIntoBuffer
                0x000000000000f1e0      0x180 main.o
                0x000000000000f1e0                loadPngImageIntoBuffer
 .text.loadRawImageIntoBuffer
                0x000000000000f360      0x140 main.o
                0x000000000000f360                loadRawImageIntoBuffer
 .text.loadImageIntoBuffer
                0x000000000000f4a0       0xa0 main.o
                0x000000000000f4a0                loadImageIntoBuffer
 .text.getImageFromBuffer
                0x000000000000f540      0x164 main.o
                0x000000000000f540                getImageFromBuffer
 *fill*         0x000000000000f6a4        0xc 
 .text.drawImage
                0x000000000000f6b0      0x1ec main.o
                0x000000000000f6b0                drawImage
 *fill*         0x000000000000f89c        0x4 
 .text._appletInfiniteSleepLoop
                0x000000000000f8a0       0x18 /opt/devkitpro//libnx/lib/libnx.a(applet.o)
 *fill*         0x000000000000f8b8        0x8 
 .text._appletCmdGetSession
                0x000000000000f8c0      0x108 /opt/devkitpro//libnx/lib/libnx.a(applet.o)
 *fill*         0x000000000000f9c8        0x8 
 .text._appletCmdInU8NoOut
                0x000000000000f9d0       0xcc /opt/devkitpro//libnx/lib/libnx.a(applet.o)
 *fill*         0x000000000000fa9c        0x4 
 .text._appletCmdInU32NoOut
                0x000000000000faa0       0xcc /opt/devkitpro//libnx/lib/libnx.a(applet.o)
 *fill*         0x000000000000fb6c        0x4 
 .text._appletGetSessionProxy.constprop.0
                0x000000000000fb70      0x12c /opt/devkitpro//libnx/lib/libnx.a(applet.o)
 *fill*         0x000000000000fc9c        0x4 
 .text._appletOpenLibraryAppletProxy.constprop.0
                0x000000000000fca0      0x148 /opt/devkitpro//libnx/lib/libnx.a(applet.o)
 *fill*         0x000000000000fde8        0x8 
 .text._appletCmdGetEvent
                0x000000000000fdf0       0xf8 /opt/devkitpro//libnx/lib/libnx.a(applet.o)
 *fill*         0x000000000000fee8        0x8 
 .text._appletCmdNoInOutU8.isra.0
                0x000000000000fef0       0xd4 /opt/devkitpro//libnx/lib/libnx.a(applet.o)
 *fill*         0x000000000000ffc4        0xc 
 .text._appletCmdNoInOutU32.isra.0
                0x000000000000ffd0       0xd4 /opt/devkitpro//libnx/lib/libnx.a(applet.o)
 *fill*         0x00000000000100a4        0xc 
 .text._appletCmdNoInOutU64.isra.0
                0x00000000000100b0       0xd4 /opt/devkitpro//libnx/lib/libnx.a(applet.o)
 *fill*         0x0000000000010184        0xc 
 .text._appletCmdNoIO.isra.0
                0x0000000000010190       0xc0 /opt/devkitpro//libnx/lib/libnx.a(applet.o)
 .text.appletGetAppletType
                0x0000000000010250       0x10 /opt/devkitpro//libnx/lib/libnx.a(applet.o)
                0x0000000000010250                appletGetAppletType
 .text.appletSetFocusHandlingMode
                0x0000000000010260      0x1b8 /opt/devkitpro//libnx/lib/libnx.a(applet.o)
                0x0000000000010260                appletSetFocusHandlingMode
 *fill*         0x0000000000010418        0x8 
 .text.appletSetCpuBoostMode
                0x0000000000010420       0x5c /opt/devkitpro//libnx/lib/libnx.a(applet.o)
                0x0000000000010420                appletSetCpuBoostMode
 *fill*         0x000000000001047c        0x4 
 .text.appletCreateManagedDisplayLayer
                0x0000000000010480       0x2c /opt/devkitpro//libnx/lib/libnx.a(applet.o)
                0x0000000000010480                appletCreateManagedDisplayLayer
 *fill*         0x00000000000104ac        0x4 
 .text.appletGetAppletResourceUserId
                0x00000000000104b0        0xc /opt/devkitpro//libnx/lib/libnx.a(applet.o)
                0x00000000000104b0                appletGetAppletResourceUserId
 *fill*         0x00000000000104bc        0x4 
 .text._appletHolderCreateState
                0x00000000000104c0      0x138 /opt/devkitpro//libnx/lib/libnx.a(applet.o)
 *fill*         0x00000000000105f8        0x8 
 .text.appletHolderClose
                0x0000000000010600       0xb0 /opt/devkitpro//libnx/lib/libnx.a(applet.o)
                0x0000000000010600                appletHolderClose
 .text.appletHolderGetLibraryAppletInfo
                0x00000000000106b0       0x24 /opt/devkitpro//libnx/lib/libnx.a(applet.o)
                0x00000000000106b0                appletHolderGetLibraryAppletInfo
 *fill*         0x00000000000106d4        0xc 
 .text.appletNotifyRunning
                0x00000000000106e0       0x90 /opt/devkitpro//libnx/lib/libnx.a(applet.o)
                0x00000000000106e0                appletNotifyRunning
 .text.appletSetGamePlayRecordingState
                0x0000000000010770       0x78 /opt/devkitpro//libnx/lib/libnx.a(applet.o)
                0x0000000000010770                appletSetGamePlayRecordingState
 *fill*         0x00000000000107e8        0x8 
 .text._appletCleanup
                0x00000000000107f0      0xad4 /opt/devkitpro//libnx/lib/libnx.a(applet.o)
 *fill*         0x00000000000112c4        0xc 
 .text.appletExit
                0x00000000000112d0       0x48 /opt/devkitpro//libnx/lib/libnx.a(applet.o)
                0x00000000000112d0                appletExit
 *fill*         0x0000000000011318        0x8 
 .text.appletGetLibraryAppletInfo
                0x0000000000011320       0x40 /opt/devkitpro//libnx/lib/libnx.a(applet.o)
                0x0000000000011320                appletGetLibraryAppletInfo
 .text.appletInitialize
                0x0000000000011360      0xc14 /opt/devkitpro//libnx/lib/libnx.a(applet.o)
                0x0000000000011360                appletInitialize
 *fill*         0x0000000000011f74        0xc 
 .text._appletExitProcess
                0x0000000000011f80       0x24 /opt/devkitpro//libnx/lib/libnx.a(applet.o)
 *fill*         0x0000000000011fa4        0xc 
 .text.appletGetMessage
                0x0000000000011fb0       0x74 /opt/devkitpro//libnx/lib/libnx.a(applet.o)
                0x0000000000011fb0                appletGetMessage
 *fill*         0x0000000000012024        0xc 
 .text.appletProcessMessage
                0x0000000000012030      0x264 /opt/devkitpro//libnx/lib/libnx.a(applet.o)
                0x0000000000012030                appletProcessMessage
 *fill*         0x0000000000012294        0xc 
 .text.appletMainLoop
                0x00000000000122a0       0x34 /opt/devkitpro//libnx/lib/libnx.a(applet.o)
                0x00000000000122a0                appletMainLoop
 *fill*         0x00000000000122d4        0xc 
 .text._smCmifCmdInPid
                0x00000000000122e0       0xcc /opt/devkitpro//libnx/lib/libnx.a(sm.o)
 *fill*         0x00000000000123ac        0x4 
 .text._smCleanup
                0x00000000000123b0       0x78 /opt/devkitpro//libnx/lib/libnx.a(sm.o)
 *fill*         0x0000000000012428        0x8 
 .text.smAddOverrideHandle
                0x0000000000012430       0x48 /opt/devkitpro//libnx/lib/libnx.a(sm.o)
                0x0000000000012430                smAddOverrideHandle
 *fill*         0x0000000000012478        0x8 
 .text.smGetServiceOverride
                0x0000000000012480       0x54 /opt/devkitpro//libnx/lib/libnx.a(sm.o)
                0x0000000000012480                smGetServiceOverride
 *fill*         0x00000000000124d4        0xc 
 .text.smInitialize
                0x00000000000124e0      0x1ac /opt/devkitpro//libnx/lib/libnx.a(sm.o)
                0x00000000000124e0                smInitialize
 *fill*         0x000000000001268c        0x4 
 .text.smExit   0x0000000000012690       0x48 /opt/devkitpro//libnx/lib/libnx.a(sm.o)
                0x0000000000012690                smExit
 *fill*         0x00000000000126d8        0x8 
 .text.smGetServiceOriginal
                0x00000000000126e0       0xd0 /opt/devkitpro//libnx/lib/libnx.a(sm.o)
                0x00000000000126e0                smGetServiceOriginal
 .text.smGetServiceWrapper
                0x00000000000127b0      0x120 /opt/devkitpro//libnx/lib/libnx.a(sm.o)
                0x00000000000127b0                smGetServiceWrapper
 .text.nwindowGetDefault
                0x00000000000128d0        0xc /opt/devkitpro//libnx/lib/libnx.a(default_window.o)
                0x00000000000128d0                nwindowGetDefault
 *fill*         0x00000000000128dc        0x4 
 .text.__nx_win_init
                0x00000000000128e0       0xa4 /opt/devkitpro//libnx/lib/libnx.a(default_window.o)
                0x00000000000128e0                __nx_win_init
 *fill*         0x0000000000012984        0xc 
 .text.__nx_win_exit
                0x0000000000012990       0x34 /opt/devkitpro//libnx/lib/libnx.a(default_window.o)
                0x0000000000012990                __nx_win_exit
 *fill*         0x00000000000129c4        0xc 
 .text.framebufferMakeLinear
                0x00000000000129d0       0x8c /opt/devkitpro//libnx/lib/libnx.a(framebuffer.o)
                0x00000000000129d0                framebufferMakeLinear
 *fill*         0x0000000000012a5c        0x4 
 .text.framebufferClose
                0x0000000000012a60       0x84 /opt/devkitpro//libnx/lib/libnx.a(framebuffer.o)
                0x0000000000012a60                framebufferClose
 *fill*         0x0000000000012ae4        0xc 
 .text.framebufferCreate
                0x0000000000012af0      0x290 /opt/devkitpro//libnx/lib/libnx.a(framebuffer.o)
                0x0000000000012af0                framebufferCreate
 .text.framebufferBegin
                0x0000000000012d80       0x7c /opt/devkitpro//libnx/lib/libnx.a(framebuffer.o)
                0x0000000000012d80                framebufferBegin
 *fill*         0x0000000000012dfc        0x4 
 .text.framebufferEnd
                0x0000000000012e00      0x190 /opt/devkitpro//libnx/lib/libnx.a(framebuffer.o)
                0x0000000000012e00                framebufferEnd
 .text.nwindowIsValid
                0x0000000000012f90       0x24 /opt/devkitpro//libnx/lib/libnx.a(native_window.o)
                0x0000000000012f90                nwindowIsValid
 *fill*         0x0000000000012fb4        0xc 
 .text.nwindowClose
                0x0000000000012fc0       0x7c /opt/devkitpro//libnx/lib/libnx.a(native_window.o)
                0x0000000000012fc0                nwindowClose
 *fill*         0x000000000001303c        0x4 
 .text.nwindowCreate
                0x0000000000013040       0xf8 /opt/devkitpro//libnx/lib/libnx.a(native_window.o)
                0x0000000000013040                nwindowCreate
 *fill*         0x0000000000013138        0x8 
 .text.nwindowCreateFromLayer
                0x0000000000013140       0x38 /opt/devkitpro//libnx/lib/libnx.a(native_window.o)
                0x0000000000013140                nwindowCreateFromLayer
 *fill*         0x0000000000013178        0x8 
 .text.nwindowSetDimensions
                0x0000000000013180       0x84 /opt/devkitpro//libnx/lib/libnx.a(native_window.o)
                0x0000000000013180                nwindowSetDimensions
 *fill*         0x0000000000013204        0xc 
 .text.nwindowConfigureBuffer
                0x0000000000013210      0x180 /opt/devkitpro//libnx/lib/libnx.a(native_window.o)
                0x0000000000013210                nwindowConfigureBuffer
 .text.nwindowDequeueBuffer
                0x0000000000013390      0x1cc /opt/devkitpro//libnx/lib/libnx.a(native_window.o)
                0x0000000000013390                nwindowDequeueBuffer
 *fill*         0x000000000001355c        0x4 
 .text.nwindowQueueBuffer
                0x0000000000013560      0x12c /opt/devkitpro//libnx/lib/libnx.a(native_window.o)
                0x0000000000013560                nwindowQueueBuffer
 *fill*         0x000000000001368c        0x4 
 .text.nwindowReleaseBuffers
                0x0000000000013690       0xbc /opt/devkitpro//libnx/lib/libnx.a(native_window.o)
                0x0000000000013690                nwindowReleaseBuffers
 *fill*         0x000000000001374c        0x4 
 .text.__libnx_alloc
                0x0000000000013750        0x4 /opt/devkitpro//libnx/lib/libnx.a(alloc.o)
                0x0000000000013750                __libnx_alloc
 *fill*         0x0000000000013754        0xc 
 .text.__libnx_aligned_alloc
                0x0000000000013760       0x14 /opt/devkitpro//libnx/lib/libnx.a(alloc.o)
                0x0000000000013760                __libnx_aligned_alloc
 *fill*         0x0000000000013774        0xc 
 .text.__libnx_free
                0x0000000000013780        0x4 /opt/devkitpro//libnx/lib/libnx.a(alloc.o)
                0x0000000000013780                __libnx_free
 *fill*         0x0000000000013784        0xc 
 .text.diagAbortWithResult
                0x0000000000013790       0x1c /opt/devkitpro//libnx/lib/libnx.a(diag.o)
                0x0000000000013790                diagAbortWithResult
 *fill*         0x00000000000137ac        0x4 
 .text.envSetup
                0x00000000000137b0      0x208 /opt/devkitpro//libnx/lib/libnx.a(env.o)
                0x00000000000137b0                envSetup
 *fill*         0x00000000000139b8        0x8 
 .text.envGetMainThreadHandle
                0x00000000000139c0       0x20 /opt/devkitpro//libnx/lib/libnx.a(env.o)
                0x00000000000139c0                envGetMainThreadHandle
 .text.envIsNso
                0x00000000000139e0        0xc /opt/devkitpro//libnx/lib/libnx.a(env.o)
                0x00000000000139e0                envIsNso
 *fill*         0x00000000000139ec        0x4 
 .text.envHasHeapOverride
                0x00000000000139f0       0x14 /opt/devkitpro//libnx/lib/libnx.a(env.o)
                0x00000000000139f0                envHasHeapOverride
 *fill*         0x0000000000013a04        0xc 
 .text.envGetHeapOverrideAddr
                0x0000000000013a10        0xc /opt/devkitpro//libnx/lib/libnx.a(env.o)
                0x0000000000013a10                envGetHeapOverrideAddr
 *fill*         0x0000000000013a1c        0x4 
 .text.envGetHeapOverrideSize
                0x0000000000013a20        0xc /opt/devkitpro//libnx/lib/libnx.a(env.o)
                0x0000000000013a20                envGetHeapOverrideSize
 *fill*         0x0000000000013a2c        0x4 
 .text.envHasArgv
                0x0000000000013a30       0x14 /opt/devkitpro//libnx/lib/libnx.a(env.o)
                0x0000000000013a30                envHasArgv
 *fill*         0x0000000000013a44        0xc 
 .text.envGetArgv
                0x0000000000013a50        0xc /opt/devkitpro//libnx/lib/libnx.a(env.o)
                0x0000000000013a50                envGetArgv
 *fill*         0x0000000000013a5c        0x4 
 .text.envGetExitFuncPtr
                0x0000000000013a60        0xc /opt/devkitpro//libnx/lib/libnx.a(env.o)
                0x0000000000013a60                envGetExitFuncPtr
 *fill*         0x0000000000013a6c        0x4 
 .text.envSetExitFuncPtr
                0x0000000000013a70        0xc /opt/devkitpro//libnx/lib/libnx.a(env.o)
                0x0000000000013a70                envSetExitFuncPtr
 *fill*         0x0000000000013a7c        0x4 
 .text.envHasRandomSeed
                0x0000000000013a80        0xc /opt/devkitpro//libnx/lib/libnx.a(env.o)
                0x0000000000013a80                envHasRandomSeed
 *fill*         0x0000000000013a8c        0x4 
 .text.envGetRandomSeed
                0x0000000000013a90       0x10 /opt/devkitpro//libnx/lib/libnx.a(env.o)
                0x0000000000013a90                envGetRandomSeed
 .text.hosversionGet
                0x0000000000013aa0       0x14 /opt/devkitpro//libnx/lib/libnx.a(hosversion.o)
                0x0000000000013aa0                hosversionGet
 *fill*         0x0000000000013ab4        0xc 
 .text.hosversionSet
                0x0000000000013ac0       0x10 /opt/devkitpro//libnx/lib/libnx.a(hosversion.o)
                0x0000000000013ac0                hosversionSet
 .text.padConfigureInput
                0x0000000000013ad0       0x9c /opt/devkitpro//libnx/lib/libnx.a(pad.o)
                0x0000000000013ad0                padConfigureInput
 *fill*         0x0000000000013b6c        0x4 
 .text.padInitializeWithMask
                0x0000000000013b70       0x24 /opt/devkitpro//libnx/lib/libnx.a(pad.o)
                0x0000000000013b70                padInitializeWithMask
 *fill*         0x0000000000013b94        0xc 
 .text.padUpdate
                0x0000000000013ba0      0x294 /opt/devkitpro//libnx/lib/libnx.a(pad.o)
                0x0000000000013ba0                padUpdate
 .text.armDCacheFlush
                0x0000000000013e34       0x4c /opt/devkitpro//libnx/lib/libnx.a(cache.o)
                0x0000000000013e34                armDCacheFlush
 .text.svcSetHeapSize
                0x0000000000013e80       0x14 /opt/devkitpro//libnx/lib/libnx.a(svc.o)
                0x0000000000013e80                svcSetHeapSize
 .text.svcSetMemoryPermission
                0x0000000000013e94        0x8 /opt/devkitpro//libnx/lib/libnx.a(svc.o)
                0x0000000000013e94                svcSetMemoryPermission
 .text.svcSetMemoryAttribute
                0x0000000000013e9c        0x8 /opt/devkitpro//libnx/lib/libnx.a(svc.o)
                0x0000000000013e9c                svcSetMemoryAttribute
 .text.svcUnmapMemory
                0x0000000000013ea4        0x8 /opt/devkitpro//libnx/lib/libnx.a(svc.o)
                0x0000000000013ea4                svcUnmapMemory
 .text.svcQueryMemory
                0x0000000000013eac       0x14 /opt/devkitpro//libnx/lib/libnx.a(svc.o)
                0x0000000000013eac                svcQueryMemory
 .text.svcExitProcess
                0x0000000000013ec0        0x8 /opt/devkitpro//libnx/lib/libnx.a(svc.o)
                0x0000000000013ec0                svcExitProcess
 .text.svcSleepThread
                0x0000000000013ec8        0x8 /opt/devkitpro//libnx/lib/libnx.a(svc.o)
                0x0000000000013ec8                svcSleepThread
 .text.svcMapSharedMemory
                0x0000000000013ed0        0x8 /opt/devkitpro//libnx/lib/libnx.a(svc.o)
                0x0000000000013ed0                svcMapSharedMemory
 .text.svcUnmapSharedMemory
                0x0000000000013ed8        0x8 /opt/devkitpro//libnx/lib/libnx.a(svc.o)
                0x0000000000013ed8                svcUnmapSharedMemory
 .text.svcCreateTransferMemory
                0x0000000000013ee0       0x14 /opt/devkitpro//libnx/lib/libnx.a(svc.o)
                0x0000000000013ee0                svcCreateTransferMemory
 .text.svcCloseHandle
                0x0000000000013ef4        0x8 /opt/devkitpro//libnx/lib/libnx.a(svc.o)
                0x0000000000013ef4                svcCloseHandle
 .text.svcResetSignal
                0x0000000000013efc        0x8 /opt/devkitpro//libnx/lib/libnx.a(svc.o)
                0x0000000000013efc                svcResetSignal
 .text.svcWaitSynchronization
                0x0000000000013f04       0x14 /opt/devkitpro//libnx/lib/libnx.a(svc.o)
                0x0000000000013f04                svcWaitSynchronization
 .text.svcArbitrateLock
                0x0000000000013f18        0x8 /opt/devkitpro//libnx/lib/libnx.a(svc.o)
                0x0000000000013f18                svcArbitrateLock
 .text.svcArbitrateUnlock
                0x0000000000013f20        0x8 /opt/devkitpro//libnx/lib/libnx.a(svc.o)
                0x0000000000013f20                svcArbitrateUnlock
 .text.svcWaitProcessWideKeyAtomic
                0x0000000000013f28        0x8 /opt/devkitpro//libnx/lib/libnx.a(svc.o)
                0x0000000000013f28                svcWaitProcessWideKeyAtomic
 .text.svcSignalProcessWideKey
                0x0000000000013f30        0x8 /opt/devkitpro//libnx/lib/libnx.a(svc.o)
                0x0000000000013f30                svcSignalProcessWideKey
 .text.svcConnectToNamedPort
                0x0000000000013f38       0x14 /opt/devkitpro//libnx/lib/libnx.a(svc.o)
                0x0000000000013f38                svcConnectToNamedPort
 .text.svcSendSyncRequest
                0x0000000000013f4c        0x8 /opt/devkitpro//libnx/lib/libnx.a(svc.o)
                0x0000000000013f4c                svcSendSyncRequest
 .text.svcBreak
                0x0000000000013f54        0x8 /opt/devkitpro//libnx/lib/libnx.a(svc.o)
                0x0000000000013f54                svcBreak
 .text.svcReturnFromException
                0x0000000000013f5c        0x8 /opt/devkitpro//libnx/lib/libnx.a(svc.o)
                0x0000000000013f5c                svcReturnFromException
 .text.svcGetInfo
                0x0000000000013f64       0x14 /opt/devkitpro//libnx/lib/libnx.a(svc.o)
                0x0000000000013f64                svcGetInfo
 .text.svcUnmapTransferMemory
                0x0000000000013f78        0x8 /opt/devkitpro//libnx/lib/libnx.a(svc.o)
                0x0000000000013f78                svcUnmapTransferMemory
 .text.__aarch64_read_tp
                0x0000000000013f80        0xc /opt/devkitpro//libnx/lib/libnx.a(readtp.o)
                0x0000000000013f80                __aarch64_read_tp
 *fill*         0x0000000000013f8c        0x4 
 .text.eventLoadRemote
                0x0000000000013f90        0xc /opt/devkitpro//libnx/lib/libnx.a(event.o)
                0x0000000000013f90                eventLoadRemote
 *fill*         0x0000000000013f9c        0x4 
 .text.eventWait
                0x0000000000013fa0       0x34 /opt/devkitpro//libnx/lib/libnx.a(event.o)
                0x0000000000013fa0                eventWait
 *fill*         0x0000000000013fd4        0xc 
 .text.eventClose
                0x0000000000013fe0       0x54 /opt/devkitpro//libnx/lib/libnx.a(event.o)
                0x0000000000013fe0                eventClose
 *fill*         0x0000000000014034        0xc 
 .text.mutexLock
                0x0000000000014040       0xc8 /opt/devkitpro//libnx/lib/libnx.a(mutex.o)
                0x0000000000014040                mutexLock
 *fill*         0x0000000000014108        0x8 
 .text.mutexUnlock
                0x0000000000014110       0x68 /opt/devkitpro//libnx/lib/libnx.a(mutex.o)
                0x0000000000014110                mutexUnlock
 *fill*         0x0000000000014178        0x8 
 .text.mutexIsLockedByCurrentThread
                0x0000000000014180       0x1c /opt/devkitpro//libnx/lib/libnx.a(mutex.o)
                0x0000000000014180                mutexIsLockedByCurrentThread
 *fill*         0x000000000001419c        0x4 
 .text.rmutexLock
                0x00000000000141a0       0x58 /opt/devkitpro//libnx/lib/libnx.a(mutex.o)
                0x00000000000141a0                rmutexLock
 *fill*         0x00000000000141f8        0x8 
 .text.rmutexUnlock
                0x0000000000014200       0x1c /opt/devkitpro//libnx/lib/libnx.a(mutex.o)
                0x0000000000014200                rmutexUnlock
 *fill*         0x000000000001421c        0x4 
 .text.tmemCreate
                0x0000000000014220       0xa8 /opt/devkitpro//libnx/lib/libnx.a(tmem.o)
                0x0000000000014220                tmemCreate
 *fill*         0x00000000000142c8        0x8 
 .text.tmemUnmap
                0x00000000000142d0       0x34 /opt/devkitpro//libnx/lib/libnx.a(tmem.o)
                0x00000000000142d0                tmemUnmap
 *fill*         0x0000000000014304        0xc 
 .text.tmemCloseHandle
                0x0000000000014310       0x30 /opt/devkitpro//libnx/lib/libnx.a(tmem.o)
                0x0000000000014310                tmemCloseHandle
 .text.tmemWaitForPermission
                0x0000000000014340       0x9c /opt/devkitpro//libnx/lib/libnx.a(tmem.o)
                0x0000000000014340                tmemWaitForPermission
 *fill*         0x00000000000143dc        0x4 
 .text.tmemClose
                0x00000000000143e0       0x50 /opt/devkitpro//libnx/lib/libnx.a(tmem.o)
                0x00000000000143e0                tmemClose
 .text._memregionInitWithInfo
                0x0000000000014430       0x64 /opt/devkitpro//libnx/lib/libnx.a(virtmem.o)
 *fill*         0x0000000000014494        0xc 
 .text.__libnx_virtmem_rng
                0x00000000000144a0        0x4 /opt/devkitpro//libnx/lib/libnx.a(virtmem.o)
                0x00000000000144a0                __libnx_virtmem_rng
 *fill*         0x00000000000144a4        0xc 
 .text._memregionFindRandom
                0x00000000000144b0      0x164 /opt/devkitpro//libnx/lib/libnx.a(virtmem.o)
 *fill*         0x0000000000014614        0xc 
 .text.virtmemSetup
                0x0000000000014620      0x140 /opt/devkitpro//libnx/lib/libnx.a(virtmem.o)
                0x0000000000014620                virtmemSetup
 .text.virtmemLock
                0x0000000000014760        0xc /opt/devkitpro//libnx/lib/libnx.a(virtmem.o)
                0x0000000000014760                virtmemLock
 *fill*         0x000000000001476c        0x4 
 .text.virtmemUnlock
                0x0000000000014770        0xc /opt/devkitpro//libnx/lib/libnx.a(virtmem.o)
                0x0000000000014770                virtmemUnlock
 *fill*         0x000000000001477c        0x4 
 .text.virtmemFindAslr
                0x0000000000014780       0x50 /opt/devkitpro//libnx/lib/libnx.a(virtmem.o)
                0x0000000000014780                virtmemFindAslr
 .text.waitObjects
                0x00000000000147d0      0x57c /opt/devkitpro//libnx/lib/libnx.a(wait.o)
                0x00000000000147d0                waitObjects
 *fill*         0x0000000000014d4c        0x4 
 .text._apmCleanup
                0x0000000000014d50       0xd4 /opt/devkitpro//libnx/lib/libnx.a(apm.o)
 *fill*         0x0000000000014e24        0xc 
 .text.apmInitialize
                0x0000000000014e30      0x194 /opt/devkitpro//libnx/lib/libnx.a(apm.o)
                0x0000000000014e30                apmInitialize
 *fill*         0x0000000000014fc4        0xc 
 .text.apmExit  0x0000000000014fd0       0x48 /opt/devkitpro//libnx/lib/libnx.a(apm.o)
                0x0000000000014fd0                apmExit
 *fill*         0x0000000000015018        0x8 
 .text.apmSetPerformanceConfiguration
                0x0000000000015020       0xc8 /opt/devkitpro//libnx/lib/libnx.a(apm.o)
                0x0000000000015020                apmSetPerformanceConfiguration
 *fill*         0x00000000000150e8        0x8 
 .text._hidCleanup
                0x00000000000150f0      0x12c /opt/devkitpro//libnx/lib/libnx.a(hid.o)
 *fill*         0x000000000001521c        0x4 
 .text._hidCmdInAruidNoOut
                0x0000000000015220       0xd4 /opt/devkitpro//libnx/lib/libnx.a(hid.o)
 *fill*         0x00000000000152f4        0xc 
 .text._hidCmdInU32AruidNoOut
                0x0000000000015300       0xe0 /opt/devkitpro//libnx/lib/libnx.a(hid.o)
 .text._hidGetStates
                0x00000000000153e0      0x194 /opt/devkitpro//libnx/lib/libnx.a(hid.o)
 *fill*         0x0000000000015574        0xc 
 .text.hidInitialize
                0x0000000000015580      0x26c /opt/devkitpro//libnx/lib/libnx.a(hid.o)
                0x0000000000015580                hidInitialize
 *fill*         0x00000000000157ec        0x4 
 .text.hidExit  0x00000000000157f0       0x48 /opt/devkitpro//libnx/lib/libnx.a(hid.o)
                0x00000000000157f0                hidExit
 *fill*         0x0000000000015838        0x8 
 .text.hidGetSharedmemAddr
                0x0000000000015840        0xc /opt/devkitpro//libnx/lib/libnx.a(hid.o)
                0x0000000000015840                hidGetSharedmemAddr
 *fill*         0x000000000001584c        0x4 
 .text.hidGetNpadStyleSet
                0x0000000000015850       0x90 /opt/devkitpro//libnx/lib/libnx.a(hid.o)
                0x0000000000015850                hidGetNpadStyleSet
 .text.hidInitializeNpad
                0x00000000000158e0       0x84 /opt/devkitpro//libnx/lib/libnx.a(hid.o)
                0x00000000000158e0                hidInitializeNpad
 *fill*         0x0000000000015964        0xc 
 .text.hidGetNpadStatesFullKey
                0x0000000000015970       0xa4 /opt/devkitpro//libnx/lib/libnx.a(hid.o)
                0x0000000000015970                hidGetNpadStatesFullKey
 *fill*         0x0000000000015a14        0xc 
 .text.hidGetNpadStatesHandheld
                0x0000000000015a20       0xa4 /opt/devkitpro//libnx/lib/libnx.a(hid.o)
                0x0000000000015a20                hidGetNpadStatesHandheld
 *fill*         0x0000000000015ac4        0xc 
 .text.hidGetNpadStatesJoyDual
                0x0000000000015ad0       0xa4 /opt/devkitpro//libnx/lib/libnx.a(hid.o)
                0x0000000000015ad0                hidGetNpadStatesJoyDual
 *fill*         0x0000000000015b74        0xc 
 .text.hidGetNpadStatesJoyLeft
                0x0000000000015b80       0xa4 /opt/devkitpro//libnx/lib/libnx.a(hid.o)
                0x0000000000015b80                hidGetNpadStatesJoyLeft
 *fill*         0x0000000000015c24        0xc 
 .text.hidGetNpadStatesJoyRight
                0x0000000000015c30       0xa4 /opt/devkitpro//libnx/lib/libnx.a(hid.o)
                0x0000000000015c30                hidGetNpadStatesJoyRight
 *fill*         0x0000000000015cd4        0xc 
 .text.hidGetNpadStatesGc
                0x0000000000015ce0      0x144 /opt/devkitpro//libnx/lib/libnx.a(hid.o)
                0x0000000000015ce0                hidGetNpadStatesGc
 *fill*         0x0000000000015e24        0xc 
 .text.hidGetNpadStatesSystemExt
                0x0000000000015e30       0xa8 /opt/devkitpro//libnx/lib/libnx.a(hid.o)
                0x0000000000015e30                hidGetNpadStatesSystemExt
 *fill*         0x0000000000015ed8        0x8 
 .text.hidSetSupportedNpadStyleSet
                0x0000000000015ee0        0x8 /opt/devkitpro//libnx/lib/libnx.a(hid.o)
                0x0000000000015ee0                hidSetSupportedNpadStyleSet
 *fill*         0x0000000000015ee8        0x8 
 .text.hidSetSupportedNpadIdType
                0x0000000000015ef0      0x100 /opt/devkitpro//libnx/lib/libnx.a(hid.o)
                0x0000000000015ef0                hidSetSupportedNpadIdType
 .text._nvCleanup
                0x0000000000015ff0       0xd0 /opt/devkitpro//libnx/lib/libnx.a(nv.o)
 .text._nvCmdInitialize.constprop.0
                0x00000000000160c0       0xd4 /opt/devkitpro//libnx/lib/libnx.a(nv.o)
 *fill*         0x0000000000016194        0xc 
 .text.__nx_nv_create_tmem
                0x00000000000161a0       0x18 /opt/devkitpro//libnx/lib/libnx.a(nv.o)
                0x00000000000161a0                __nx_nv_create_tmem
 *fill*         0x00000000000161b8        0x8 
 .text.nvInitialize
                0x00000000000161c0      0x3a8 /opt/devkitpro//libnx/lib/libnx.a(nv.o)
                0x00000000000161c0                nvInitialize
 *fill*         0x0000000000016568        0x8 
 .text.nvExit   0x0000000000016570       0x48 /opt/devkitpro//libnx/lib/libnx.a(nv.o)
                0x0000000000016570                nvExit
 *fill*         0x00000000000165b8        0x8 
 .text.nvConvertError
                0x00000000000165c0       0xf4 /opt/devkitpro//libnx/lib/libnx.a(nv.o)
                0x00000000000165c0                nvConvertError
 *fill*         0x00000000000166b4        0xc 
 .text.nvOpen   0x00000000000166c0      0x114 /opt/devkitpro//libnx/lib/libnx.a(nv.o)
                0x00000000000166c0                nvOpen
 *fill*         0x00000000000167d4        0xc 
 .text.nvIoctl  0x00000000000167e0      0x310 /opt/devkitpro//libnx/lib/libnx.a(nv.o)
                0x00000000000167e0                nvIoctl
 .text.nvClose  0x0000000000016af0       0xd4 /opt/devkitpro//libnx/lib/libnx.a(nv.o)
                0x0000000000016af0                nvClose
 *fill*         0x0000000000016bc4        0xc 
 .text.nvQueryEvent
                0x0000000000016bd0      0x10c /opt/devkitpro//libnx/lib/libnx.a(nv.o)
                0x0000000000016bd0                nvQueryEvent
 *fill*         0x0000000000016cdc        0x4 
 .text._viCleanup
                0x0000000000016ce0      0x230 /opt/devkitpro//libnx/lib/libnx.a(vi.o)
 .text._viCmdGetSessionNoParams.constprop.0
                0x0000000000016f10      0x100 /opt/devkitpro//libnx/lib/libnx.a(vi.o)
 .text.viInitialize
                0x0000000000017010      0x368 /opt/devkitpro//libnx/lib/libnx.a(vi.o)
                0x0000000000017010                viInitialize
 *fill*         0x0000000000017378        0x8 
 .text.viExit   0x0000000000017380       0x48 /opt/devkitpro//libnx/lib/libnx.a(vi.o)
                0x0000000000017380                viExit
 *fill*         0x00000000000173c8        0x8 
 .text.viGetSession_IHOSBinderDriverRelay
                0x00000000000173d0        0xc /opt/devkitpro//libnx/lib/libnx.a(vi.o)
                0x00000000000173d0                viGetSession_IHOSBinderDriverRelay
 *fill*         0x00000000000173dc        0x4 
 .text.viOpenDisplay
                0x00000000000173e0      0x10c /opt/devkitpro//libnx/lib/libnx.a(vi.o)
                0x00000000000173e0                viOpenDisplay
 *fill*         0x00000000000174ec        0x4 
 .text.viCloseDisplay
                0x00000000000174f0       0xec /opt/devkitpro//libnx/lib/libnx.a(vi.o)
                0x00000000000174f0                viCloseDisplay
 *fill*         0x00000000000175dc        0x4 
 .text.viCloseLayer
                0x00000000000175e0       0xf4 /opt/devkitpro//libnx/lib/libnx.a(vi.o)
                0x00000000000175e0                viCloseLayer
 *fill*         0x00000000000176d4        0xc 
 .text.viCreateLayer
                0x00000000000176e0      0x394 /opt/devkitpro//libnx/lib/libnx.a(vi.o)
                0x00000000000176e0                viCreateLayer
 *fill*         0x0000000000017a74        0xc 
 .text.viSetLayerScalingMode
                0x0000000000017a80       0xd8 /opt/devkitpro//libnx/lib/libnx.a(vi.o)
                0x0000000000017a80                viSetLayerScalingMode
 *fill*         0x0000000000017b58        0x8 
 .text._nvFenceCleanup
                0x0000000000017b60       0x74 /opt/devkitpro//libnx/lib/libnx.a(fence.o)
 *fill*         0x0000000000017bd4        0xc 
 .text.nvFenceInit
                0x0000000000017be0       0x98 /opt/devkitpro//libnx/lib/libnx.a(fence.o)
                0x0000000000017be0                nvFenceInit
 *fill*         0x0000000000017c78        0x8 
 .text.nvFenceExit
                0x0000000000017c80       0x48 /opt/devkitpro//libnx/lib/libnx.a(fence.o)
                0x0000000000017c80                nvFenceExit
 *fill*         0x0000000000017cc8        0x8 
 .text.nvFenceWait
                0x0000000000017cd0      0x290 /opt/devkitpro//libnx/lib/libnx.a(fence.o)
                0x0000000000017cd0                nvFenceWait
 .text.nvMultiFenceWait
                0x0000000000017f60       0x7c /opt/devkitpro//libnx/lib/libnx.a(fence.o)
                0x0000000000017f60                nvMultiFenceWait
 *fill*         0x0000000000017fdc        0x4 
 .text.nvMapInit
                0x0000000000017fe0       0xac /opt/devkitpro//libnx/lib/libnx.a(map.o)
                0x0000000000017fe0                nvMapInit
 *fill*         0x000000000001808c        0x4 
 .text.nvMapExit
                0x0000000000018090       0x74 /opt/devkitpro//libnx/lib/libnx.a(map.o)
                0x0000000000018090                nvMapExit
 *fill*         0x0000000000018104        0xc 
 .text.nvMapClose
                0x0000000000018110       0x8c /opt/devkitpro//libnx/lib/libnx.a(map.o)
                0x0000000000018110                nvMapClose
 *fill*         0x000000000001819c        0x4 
 .text.nvMapCreate
                0x00000000000181a0      0x160 /opt/devkitpro//libnx/lib/libnx.a(map.o)
                0x00000000000181a0                nvMapCreate
 .text.nvioctlNvhostCtrl_EventSignal
                0x0000000000018300       0x24 /opt/devkitpro//libnx/lib/libnx.a(nvhost-ctrl.o)
                0x0000000000018300                nvioctlNvhostCtrl_EventSignal
 *fill*         0x0000000000018324        0xc 
 .text.nvioctlNvhostCtrl_EventWait
                0x0000000000018330       0x3c /opt/devkitpro//libnx/lib/libnx.a(nvhost-ctrl.o)
                0x0000000000018330                nvioctlNvhostCtrl_EventWait
 *fill*         0x000000000001836c        0x4 
 .text.nvioctlNvhostCtrl_EventWaitAsync
                0x0000000000018370       0x28 /opt/devkitpro//libnx/lib/libnx.a(nvhost-ctrl.o)
                0x0000000000018370                nvioctlNvhostCtrl_EventWaitAsync
 *fill*         0x0000000000018398        0x8 
 .text.nvioctlNvhostCtrl_EventRegister
                0x00000000000183a0       0x24 /opt/devkitpro//libnx/lib/libnx.a(nvhost-ctrl.o)
                0x00000000000183a0                nvioctlNvhostCtrl_EventRegister
 *fill*         0x00000000000183c4        0xc 
 .text.nvioctlNvhostCtrl_EventUnregister
                0x00000000000183d0       0x24 /opt/devkitpro//libnx/lib/libnx.a(nvhost-ctrl.o)
                0x00000000000183d0                nvioctlNvhostCtrl_EventUnregister
 *fill*         0x00000000000183f4        0xc 
 .text.nvioctlNvmap_Create
                0x0000000000018400       0x3c /opt/devkitpro//libnx/lib/libnx.a(nvmap.o)
                0x0000000000018400                nvioctlNvmap_Create
 *fill*         0x000000000001843c        0x4 
 .text.nvioctlNvmap_Alloc
                0x0000000000018440       0x30 /opt/devkitpro//libnx/lib/libnx.a(nvmap.o)
                0x0000000000018440                nvioctlNvmap_Alloc
 .text.nvioctlNvmap_Free
                0x0000000000018470       0x30 /opt/devkitpro//libnx/lib/libnx.a(nvmap.o)
                0x0000000000018470                nvioctlNvmap_Free
 .text.nvioctlNvmap_GetId
                0x00000000000184a0       0x3c /opt/devkitpro//libnx/lib/libnx.a(nvmap.o)
                0x00000000000184a0                nvioctlNvmap_GetId
 *fill*         0x00000000000184dc        0x4 
 .text.binderCreate
                0x00000000000184e0       0x1c /opt/devkitpro//libnx/lib/libnx.a(binder.o)
                0x00000000000184e0                binderCreate
 *fill*         0x00000000000184fc        0x4 
 .text.binderTransactParcel
                0x0000000000018500      0x35c /opt/devkitpro//libnx/lib/libnx.a(binder.o)
                0x0000000000018500                binderTransactParcel
 *fill*         0x000000000001885c        0x4 
 .text.binderConvertErrorCode
                0x0000000000018860       0xe8 /opt/devkitpro//libnx/lib/libnx.a(binder.o)
                0x0000000000018860                binderConvertErrorCode
 *fill*         0x0000000000018948        0x8 
 .text.binderAdjustRefcount
                0x0000000000018950      0x124 /opt/devkitpro//libnx/lib/libnx.a(binder.o)
                0x0000000000018950                binderAdjustRefcount
 *fill*         0x0000000000018a74        0xc 
 .text.binderInitSession
                0x0000000000018a80       0x9c /opt/devkitpro//libnx/lib/libnx.a(binder.o)
                0x0000000000018a80                binderInitSession
 *fill*         0x0000000000018b1c        0x4 
 .text.binderClose
                0x0000000000018b20       0x5c /opt/devkitpro//libnx/lib/libnx.a(binder.o)
                0x0000000000018b20                binderClose
 *fill*         0x0000000000018b7c        0x4 
 .text.binderGetNativeHandle
                0x0000000000018b80      0x154 /opt/devkitpro//libnx/lib/libnx.a(binder.o)
                0x0000000000018b80                binderGetNativeHandle
 *fill*         0x0000000000018cd4        0xc 
 .text.bqRequestBuffer
                0x0000000000018ce0       0xc8 /opt/devkitpro//libnx/lib/libnx.a(buffer_producer.o)
                0x0000000000018ce0                bqRequestBuffer
 *fill*         0x0000000000018da8        0x8 
 .text.bqDequeueBuffer
                0x0000000000018db0      0x128 /opt/devkitpro//libnx/lib/libnx.a(buffer_producer.o)
                0x0000000000018db0                bqDequeueBuffer
 *fill*         0x0000000000018ed8        0x8 
 .text.bqQueueBuffer
                0x0000000000018ee0       0xc8 /opt/devkitpro//libnx/lib/libnx.a(buffer_producer.o)
                0x0000000000018ee0                bqQueueBuffer
 *fill*         0x0000000000018fa8        0x8 
 .text.bqCancelBuffer
                0x0000000000018fb0       0x84 /opt/devkitpro//libnx/lib/libnx.a(buffer_producer.o)
                0x0000000000018fb0                bqCancelBuffer
 *fill*         0x0000000000019034        0xc 
 .text.bqConnect
                0x0000000000019040       0xd0 /opt/devkitpro//libnx/lib/libnx.a(buffer_producer.o)
                0x0000000000019040                bqConnect
 .text.bqDisconnect
                0x0000000000019110       0x88 /opt/devkitpro//libnx/lib/libnx.a(buffer_producer.o)
                0x0000000000019110                bqDisconnect
 *fill*         0x0000000000019198        0x8 
 .text.bqSetPreallocatedBuffer
                0x00000000000191a0      0x194 /opt/devkitpro//libnx/lib/libnx.a(buffer_producer.o)
                0x00000000000191a0                bqSetPreallocatedBuffer
 *fill*         0x0000000000019334        0xc 
 .text.parcelCreate
                0x0000000000019340       0x30 /opt/devkitpro//libnx/lib/libnx.a(parcel.o)
                0x0000000000019340                parcelCreate
 .text.parcelTransact
                0x0000000000019370      0x174 /opt/devkitpro//libnx/lib/libnx.a(parcel.o)
                0x0000000000019370                parcelTransact
 *fill*         0x00000000000194e4        0xc 
 .text.parcelWriteData
                0x00000000000194f0       0x80 /opt/devkitpro//libnx/lib/libnx.a(parcel.o)
                0x00000000000194f0                parcelWriteData
 .text.parcelReadData
                0x0000000000019570       0x88 /opt/devkitpro//libnx/lib/libnx.a(parcel.o)
                0x0000000000019570                parcelReadData
 *fill*         0x00000000000195f8        0x8 
 .text.parcelWriteInt32
                0x0000000000019600       0x20 /opt/devkitpro//libnx/lib/libnx.a(parcel.o)
                0x0000000000019600                parcelWriteInt32
 .text.parcelWriteUInt32
                0x0000000000019620       0x20 /opt/devkitpro//libnx/lib/libnx.a(parcel.o)
                0x0000000000019620                parcelWriteUInt32
 .text.parcelWriteString16
                0x0000000000019640       0x7c /opt/devkitpro//libnx/lib/libnx.a(parcel.o)
                0x0000000000019640                parcelWriteString16
 *fill*         0x00000000000196bc        0x4 
 .text.parcelWriteInterfaceToken
                0x00000000000196c0       0x30 /opt/devkitpro//libnx/lib/libnx.a(parcel.o)
                0x00000000000196c0                parcelWriteInterfaceToken
 .text.parcelReadInt32
                0x00000000000196f0       0x24 /opt/devkitpro//libnx/lib/libnx.a(parcel.o)
                0x00000000000196f0                parcelReadInt32
 *fill*         0x0000000000019714        0xc 
 .text.parcelReadFlattenedObject
                0x0000000000019720       0x68 /opt/devkitpro//libnx/lib/libnx.a(parcel.o)
                0x0000000000019720                parcelReadFlattenedObject
 *fill*         0x0000000000019788        0x8 
 .text.parcelWriteFlattenedObject
                0x0000000000019790       0x44 /opt/devkitpro//libnx/lib/libnx.a(parcel.o)
                0x0000000000019790                parcelWriteFlattenedObject
 *fill*         0x00000000000197d4        0xc 
 .text.argvSetup
                0x00000000000197e0      0x314 /opt/devkitpro//libnx/lib/libnx.a(argv.o)
                0x00000000000197e0                argvSetup
 *fill*         0x0000000000019af4        0xc 
 .text.__nx_dynamic
                0x0000000000019b00      0x1fc /opt/devkitpro//libnx/lib/libnx.a(dynamic.o)
                0x0000000000019b00                __nx_dynamic
 *fill*         0x0000000000019cfc        0x4 
 .text.__libnx_initheap
                0x0000000000019d00       0xd0 /opt/devkitpro//libnx/lib/libnx.a(init.o)
                0x0000000000019d00                __libnx_initheap
 .text.__appInit
                0x0000000000019dd0       0xec /opt/devkitpro//libnx/lib/libnx.a(init.o)
                0x0000000000019dd0                __appInit
 *fill*         0x0000000000019ebc        0x4 
 .text.__appExit
                0x0000000000019ec0       0x44 /opt/devkitpro//libnx/lib/libnx.a(init.o)
                0x0000000000019ec0                __appExit
 *fill*         0x0000000000019f04        0xc 
 .text.__libnx_init
                0x0000000000019f10       0x2c /opt/devkitpro//libnx/lib/libnx.a(init.o)
                0x0000000000019f10                __libnx_init
 *fill*         0x0000000000019f3c        0x4 
 .text.__libnx_exit
                0x0000000000019f40       0x1c /opt/devkitpro//libnx/lib/libnx.a(init.o)
                0x0000000000019f40                __libnx_exit
 *fill*         0x0000000000019f5c        0x4 
 .text.__syscall_exit
                0x0000000000019f60       0x1c /opt/devkitpro//libnx/lib/libnx.a(newlib.o)
                0x0000000000019f60                __syscall_exit
 *fill*         0x0000000000019f7c        0x4 
 .text.__syscall_getreent
                0x0000000000019f80       0x34 /opt/devkitpro//libnx/lib/libnx.a(newlib.o)
                0x0000000000019f80                __syscall_getreent
 *fill*         0x0000000000019fb4        0xc 
 .text.__syscall_lock_acquire
                0x0000000000019fc0        0x4 /opt/devkitpro//libnx/lib/libnx.a(newlib.o)
                0x0000000000019fc0                __syscall_lock_acquire
 *fill*         0x0000000000019fc4        0xc 
 .text.__syscall_lock_release
                0x0000000000019fd0        0x4 /opt/devkitpro//libnx/lib/libnx.a(newlib.o)
                0x0000000000019fd0                __syscall_lock_release
 *fill*         0x0000000000019fd4        0xc 
 .text.__syscall_lock_acquire_recursive
                0x0000000000019fe0        0x4 /opt/devkitpro//libnx/lib/libnx.a(newlib.o)
                0x0000000000019fe0                __syscall_lock_acquire_recursive
 *fill*         0x0000000000019fe4        0xc 
 .text.__syscall_lock_release_recursive
                0x0000000000019ff0        0x4 /opt/devkitpro//libnx/lib/libnx.a(newlib.o)
                0x0000000000019ff0                __syscall_lock_release_recursive
 *fill*         0x0000000000019ff4        0xc 
 .text.__libnx_init_time
                0x000000000001a000      0x25c /opt/devkitpro//libnx/lib/libnx.a(newlib.o)
                0x000000000001a000                __libnx_init_time
 *fill*         0x000000000001a25c        0x4 
 .text.newlibSetup
                0x000000000001a260       0x98 /opt/devkitpro//libnx/lib/libnx.a(newlib.o)
                0x000000000001a260                newlibSetup
 *fill*         0x000000000001a2f8        0x8 
 .text.nxlinkSetup
                0x000000000001a300       0xe8 /opt/devkitpro//libnx/lib/libnx.a(nxlink.o)
                0x000000000001a300                nxlinkSetup
 *fill*         0x000000000001a3e8        0x8 
 .text.fsdev_link
                0x000000000001a3f0       0x10 /opt/devkitpro//libnx/lib/libnx.a(fs_dev.o)
 .text.fsdev_dirreset
                0x000000000001a400       0x10 /opt/devkitpro//libnx/lib/libnx.a(fs_dev.o)
 .text.fsdev_chmod
                0x000000000001a410       0x10 /opt/devkitpro//libnx/lib/libnx.a(fs_dev.o)
 .text.error_cmp
                0x000000000001a420       0x18 /opt/devkitpro//libnx/lib/libnx.a(fs_dev.o)
 *fill*         0x000000000001a438        0x8 
 .text.fsdev_dirclose
                0x000000000001a440       0x20 /opt/devkitpro//libnx/lib/libnx.a(fs_dev.o)
 .text.fsdev_close
                0x000000000001a460       0x1c /opt/devkitpro//libnx/lib/libnx.a(fs_dev.o)
 *fill*         0x000000000001a47c        0x4 
 .text.fsdev_converttimetoutc
                0x000000000001a480       0x74 /opt/devkitpro//libnx/lib/libnx.a(fs_dev.o)
 *fill*         0x000000000001a4f4        0xc 
 .text.fsdevFindDevice.part.0
                0x000000000001a500       0xd4 /opt/devkitpro//libnx/lib/libnx.a(fs_dev.o)
 *fill*         0x000000000001a5d4        0xc 
 .text.fsdev_fixpath
                0x000000000001a5e0      0x1cc /opt/devkitpro//libnx/lib/libnx.a(fs_dev.o)
 *fill*         0x000000000001a7ac        0x4 
 .text._fsdevUnmountDeviceStruct.part.0
                0x000000000001a7b0       0x9c /opt/devkitpro//libnx/lib/libnx.a(fs_dev.o)
 *fill*         0x000000000001a84c        0x4 
 .text.fsdev_fchmod
                0x000000000001a850       0x10 /opt/devkitpro//libnx/lib/libnx.a(fs_dev.o)
 .text.fsdev_diropen
                0x000000000001a860      0x100 /opt/devkitpro//libnx/lib/libnx.a(fs_dev.o)
 .text.fsdev_statvfs
                0x000000000001a960       0xf8 /opt/devkitpro//libnx/lib/libnx.a(fs_dev.o)
 *fill*         0x000000000001aa58        0x8 
 .text.fsdev_fsync
                0x000000000001aa60       0x7c /opt/devkitpro//libnx/lib/libnx.a(fs_dev.o)
 *fill*         0x000000000001aadc        0x4 
 .text.fsdev_fstat
                0x000000000001aae0       0xec /opt/devkitpro//libnx/lib/libnx.a(fs_dev.o)
 *fill*         0x000000000001abcc        0x4 
 .text.fsdev_ftruncate
                0x000000000001abd0       0x94 /opt/devkitpro//libnx/lib/libnx.a(fs_dev.o)
 *fill*         0x000000000001ac64        0xc 
 .text.fsdev_stat
                0x000000000001ac70      0x1d8 /opt/devkitpro//libnx/lib/libnx.a(fs_dev.o)
 *fill*         0x000000000001ae48        0x8 
 .text.fsdev_rename
                0x000000000001ae50      0x14c /opt/devkitpro//libnx/lib/libnx.a(fs_dev.o)
 *fill*         0x000000000001af9c        0x4 
 .text.fsdev_chdir
                0x000000000001afa0      0x13c /opt/devkitpro//libnx/lib/libnx.a(fs_dev.o)
 *fill*         0x000000000001b0dc        0x4 
 .text.fsdev_rmdir
                0x000000000001b0e0       0xa4 /opt/devkitpro//libnx/lib/libnx.a(fs_dev.o)
 *fill*         0x000000000001b184        0xc 
 .text.fsdev_mkdir
                0x000000000001b190       0xa4 /opt/devkitpro//libnx/lib/libnx.a(fs_dev.o)
 *fill*         0x000000000001b234        0xc 
 .text.fsdev_unlink
                0x000000000001b240       0xa4 /opt/devkitpro//libnx/lib/libnx.a(fs_dev.o)
 *fill*         0x000000000001b2e4        0xc 
 .text.fsdev_write_safe
                0x000000000001b2f0      0x13c /opt/devkitpro//libnx/lib/libnx.a(fs_dev.o)
 *fill*         0x000000000001b42c        0x4 
 .text.fsdev_read_safe
                0x000000000001b430      0x134 /opt/devkitpro//libnx/lib/libnx.a(fs_dev.o)
 *fill*         0x000000000001b564        0xc 
 .text.fsdev_read
                0x000000000001b570      0x100 /opt/devkitpro//libnx/lib/libnx.a(fs_dev.o)
 .text.fsdev_dirnext
                0x000000000001b670      0x1d4 /opt/devkitpro//libnx/lib/libnx.a(fs_dev.o)
 *fill*         0x000000000001b844        0xc 
 .text.fsdev_write
                0x000000000001b850      0x124 /opt/devkitpro//libnx/lib/libnx.a(fs_dev.o)
 *fill*         0x000000000001b974        0xc 
 .text.fsdev_seek
                0x000000000001b980      0x110 /opt/devkitpro//libnx/lib/libnx.a(fs_dev.o)
 .text.fsdev_open
                0x000000000001ba90      0x230 /opt/devkitpro//libnx/lib/libnx.a(fs_dev.o)
 .text.fsdevMountDevice
                0x000000000001bcc0      0x324 /opt/devkitpro//libnx/lib/libnx.a(fs_dev.o)
                0x000000000001bcc0                fsdevMountDevice
 *fill*         0x000000000001bfe4        0xc 
 .text.fsdevMountSdmc
                0x000000000001bff0       0x40 /opt/devkitpro//libnx/lib/libnx.a(fs_dev.o)
                0x000000000001bff0                fsdevMountSdmc
 .text.__libnx_init_cwd
                0x000000000001c030       0xbc /opt/devkitpro//libnx/lib/libnx.a(fs_dev.o)
                0x000000000001c030                __libnx_init_cwd
 *fill*         0x000000000001c0ec        0x4 
 .text.fsdevUnmountAll
                0x000000000001c0f0       0x64 /opt/devkitpro//libnx/lib/libnx.a(fs_dev.o)
                0x000000000001c0f0                fsdevUnmountAll
 *fill*         0x000000000001c154        0xc 
 .text.decode_utf8
                0x000000000001c160      0x128 /opt/devkitpro//libnx/lib/libnx.a(decode_utf8.o)
                0x000000000001c160                decode_utf8
 .text.__libnx_exception_entry
                0x000000000001c288      0x1c0 /opt/devkitpro//libnx/lib/libnx.a(exception.o)
                0x000000000001c288                __libnx_exception_entry
 .text.__libnx_exception_returnentry
                0x000000000001c448       0x18 /opt/devkitpro//libnx/lib/libnx.a(exception.o)
                0x000000000001c448                __libnx_exception_returnentry
 .text.condvarWaitTimeout
                0x000000000001c460       0x70 /opt/devkitpro//libnx/lib/libnx.a(condvar.o)
                0x000000000001c460                condvarWaitTimeout
 .text.randomGet
                0x000000000001c4d0      0x410 /opt/devkitpro//libnx/lib/libnx.a(random.o)
                0x000000000001c4d0                randomGet
 .text.randomGet64
                0x000000000001c8e0       0x20 /opt/devkitpro//libnx/lib/libnx.a(random.o)
                0x000000000001c8e0                randomGet64
 .text.shmemLoadRemote
                0x000000000001c900       0x14 /opt/devkitpro//libnx/lib/libnx.a(shmem.o)
                0x000000000001c900                shmemLoadRemote
 *fill*         0x000000000001c914        0xc 
 .text.shmemMap
                0x000000000001c920       0x70 /opt/devkitpro//libnx/lib/libnx.a(shmem.o)
                0x000000000001c920                shmemMap
 .text.shmemUnmap
                0x000000000001c990       0x34 /opt/devkitpro//libnx/lib/libnx.a(shmem.o)
                0x000000000001c990                shmemUnmap
 *fill*         0x000000000001c9c4        0xc 
 .text.shmemClose
                0x000000000001c9d0       0x4c /opt/devkitpro//libnx/lib/libnx.a(shmem.o)
                0x000000000001c9d0                shmemClose
 *fill*         0x000000000001ca1c        0x4 
 .text.__libnx_init_thread
                0x000000000001ca20       0xb0 /opt/devkitpro//libnx/lib/libnx.a(thread.o)
                0x000000000001ca20                __libnx_init_thread
 .text._fsCleanup
                0x000000000001cad0       0xb4 /opt/devkitpro//libnx/lib/libnx.a(fs.o)
 *fill*         0x000000000001cb84        0xc 
 .text._fsCmdNoIO
                0x000000000001cb90      0x1c0 /opt/devkitpro//libnx/lib/libnx.a(fs.o)
 .text._fsFsCmdWithInPath
                0x000000000001cd50      0x1e0 /opt/devkitpro//libnx/lib/libnx.a(fs.o)
 .text._fsFsCmdWithTwoInPaths
                0x000000000001cf30      0x1f8 /opt/devkitpro//libnx/lib/libnx.a(fs.o)
 *fill*         0x000000000001d128        0x8 
 .text._fsFsOpenCommon
                0x000000000001d130      0x28c /opt/devkitpro//libnx/lib/libnx.a(fs.o)
 *fill*         0x000000000001d3bc        0x4 
 .text._fsFsCmdWithInPathAndOutU64
                0x000000000001d3c0      0x1fc /opt/devkitpro//libnx/lib/libnx.a(fs.o)
 *fill*         0x000000000001d5bc        0x4 
 .text._fsObjectClose
                0x000000000001d5c0       0xf8 /opt/devkitpro//libnx/lib/libnx.a(fs.o)
 *fill*         0x000000000001d6b8        0x8 
 .text._fsCmdGetSession.constprop.0
                0x000000000001d6c0      0x17c /opt/devkitpro//libnx/lib/libnx.a(fs.o)
 *fill*         0x000000000001d83c        0x4 
 .text.fsInitialize
                0x000000000001d840      0x2f8 /opt/devkitpro//libnx/lib/libnx.a(fs.o)
                0x000000000001d840                fsInitialize
 *fill*         0x000000000001db38        0x8 
 .text.fsExit   0x000000000001db40       0x48 /opt/devkitpro//libnx/lib/libnx.a(fs.o)
                0x000000000001db40                fsExit
 *fill*         0x000000000001db88        0x8 
 .text.fsOpenSdCardFileSystem
                0x000000000001db90        0x8 /opt/devkitpro//libnx/lib/libnx.a(fs.o)
                0x000000000001db90                fsOpenSdCardFileSystem
 *fill*         0x000000000001db98        0x8 
 .text.fsFsCreateFile
                0x000000000001dba0      0x1ec /opt/devkitpro//libnx/lib/libnx.a(fs.o)
                0x000000000001dba0                fsFsCreateFile
 *fill*         0x000000000001dd8c        0x4 
 .text.fsFsDeleteFile
                0x000000000001dd90        0x8 /opt/devkitpro//libnx/lib/libnx.a(fs.o)
                0x000000000001dd90                fsFsDeleteFile
 *fill*         0x000000000001dd98        0x8 
 .text.fsFsCreateDirectory
                0x000000000001dda0        0x8 /opt/devkitpro//libnx/lib/libnx.a(fs.o)
                0x000000000001dda0                fsFsCreateDirectory
 *fill*         0x000000000001dda8        0x8 
 .text.fsFsDeleteDirectory
                0x000000000001ddb0        0x8 /opt/devkitpro//libnx/lib/libnx.a(fs.o)
                0x000000000001ddb0                fsFsDeleteDirectory
 *fill*         0x000000000001ddb8        0x8 
 .text.fsFsRenameFile
                0x000000000001ddc0        0x8 /opt/devkitpro//libnx/lib/libnx.a(fs.o)
                0x000000000001ddc0                fsFsRenameFile
 *fill*         0x000000000001ddc8        0x8 
 .text.fsFsRenameDirectory
                0x000000000001ddd0        0x8 /opt/devkitpro//libnx/lib/libnx.a(fs.o)
                0x000000000001ddd0                fsFsRenameDirectory
 *fill*         0x000000000001ddd8        0x8 
 .text.fsFsGetEntryType
                0x000000000001dde0      0x1f0 /opt/devkitpro//libnx/lib/libnx.a(fs.o)
                0x000000000001dde0                fsFsGetEntryType
 .text.fsFsOpenFile
                0x000000000001dfd0        0x8 /opt/devkitpro//libnx/lib/libnx.a(fs.o)
                0x000000000001dfd0                fsFsOpenFile
 *fill*         0x000000000001dfd8        0x8 
 .text.fsFsOpenDirectory
                0x000000000001dfe0        0x8 /opt/devkitpro//libnx/lib/libnx.a(fs.o)
                0x000000000001dfe0                fsFsOpenDirectory
 *fill*         0x000000000001dfe8        0x8 
 .text.fsFsGetFreeSpace
                0x000000000001dff0        0x8 /opt/devkitpro//libnx/lib/libnx.a(fs.o)
                0x000000000001dff0                fsFsGetFreeSpace
 *fill*         0x000000000001dff8        0x8 
 .text.fsFsGetTotalSpace
                0x000000000001e000        0x8 /opt/devkitpro//libnx/lib/libnx.a(fs.o)
                0x000000000001e000                fsFsGetTotalSpace
 *fill*         0x000000000001e008        0x8 
 .text.fsFsGetFileTimeStampRaw
                0x000000000001e010      0x230 /opt/devkitpro//libnx/lib/libnx.a(fs.o)
                0x000000000001e010                fsFsGetFileTimeStampRaw
 .text.fsFsClose
                0x000000000001e240        0x4 /opt/devkitpro//libnx/lib/libnx.a(fs.o)
                0x000000000001e240                fsFsClose
 *fill*         0x000000000001e244        0xc 
 .text.fsFileRead
                0x000000000001e250      0x214 /opt/devkitpro//libnx/lib/libnx.a(fs.o)
                0x000000000001e250                fsFileRead
 *fill*         0x000000000001e464        0xc 
 .text.fsFileWrite
                0x000000000001e470      0x1f8 /opt/devkitpro//libnx/lib/libnx.a(fs.o)
                0x000000000001e470                fsFileWrite
 *fill*         0x000000000001e668        0x8 
 .text.fsFileFlush
                0x000000000001e670        0x8 /opt/devkitpro//libnx/lib/libnx.a(fs.o)
                0x000000000001e670                fsFileFlush
 *fill*         0x000000000001e678        0x8 
 .text.fsFileSetSize
                0x000000000001e680      0x1c0 /opt/devkitpro//libnx/lib/libnx.a(fs.o)
                0x000000000001e680                fsFileSetSize
 .text.fsFileGetSize
                0x000000000001e840      0x1d4 /opt/devkitpro//libnx/lib/libnx.a(fs.o)
                0x000000000001e840                fsFileGetSize
 *fill*         0x000000000001ea14        0xc 
 .text.fsFileClose
                0x000000000001ea20        0x4 /opt/devkitpro//libnx/lib/libnx.a(fs.o)
                0x000000000001ea20                fsFileClose
 *fill*         0x000000000001ea24        0xc 
 .text.fsDirClose
                0x000000000001ea30        0x4 /opt/devkitpro//libnx/lib/libnx.a(fs.o)
                0x000000000001ea30                fsDirClose
 *fill*         0x000000000001ea34        0xc 
 .text.fsDirRead
                0x000000000001ea40      0x204 /opt/devkitpro//libnx/lib/libnx.a(fs.o)
                0x000000000001ea40                fsDirRead
 *fill*         0x000000000001ec44        0xc 
 .text._setsysGetFirmwareVersionImpl
                0x000000000001ec50       0xd0 /opt/devkitpro//libnx/lib/libnx.a(set.o)
 .text._setsysCleanup
                0x000000000001ed20       0x78 /opt/devkitpro//libnx/lib/libnx.a(set.o)
 *fill*         0x000000000001ed98        0x8 
 .text.setsysInitialize
                0x000000000001eda0       0xa0 /opt/devkitpro//libnx/lib/libnx.a(set.o)
                0x000000000001eda0                setsysInitialize
 .text.setsysExit
                0x000000000001ee40       0x48 /opt/devkitpro//libnx/lib/libnx.a(set.o)
                0x000000000001ee40                setsysExit
 *fill*         0x000000000001ee88        0x8 
 .text.setsysGetFirmwareVersion
                0x000000000001ee90       0x48 /opt/devkitpro//libnx/lib/libnx.a(set.o)
                0x000000000001ee90                setsysGetFirmwareVersion
 *fill*         0x000000000001eed8        0x8 
 .text._timeCleanup
                0x000000000001eee0      0x27c /opt/devkitpro//libnx/lib/libnx.a(time.o)
 *fill*         0x000000000001f15c        0x4 
 .text._timeCmdGetSession.constprop.0
                0x000000000001f160      0x100 /opt/devkitpro//libnx/lib/libnx.a(time.o)
 .text._timeReadClockFromSharedMem
                0x000000000001f260      0x104 /opt/devkitpro//libnx/lib/libnx.a(time.o)
 *fill*         0x000000000001f364        0xc 
 .text.timeInitialize
                0x000000000001f370      0x300 /opt/devkitpro//libnx/lib/libnx.a(time.o)
                0x000000000001f370                timeInitialize
 .text.timeExit
                0x000000000001f670       0x48 /opt/devkitpro//libnx/lib/libnx.a(time.o)
                0x000000000001f670                timeExit
 *fill*         0x000000000001f6b8        0x8 
 .text.timeGetServiceSession_SystemClock
                0x000000000001f6c0       0x38 /opt/devkitpro//libnx/lib/libnx.a(time.o)
                0x000000000001f6c0                timeGetServiceSession_SystemClock
 *fill*         0x000000000001f6f8        0x8 
 .text.timeGetCurrentTime
                0x000000000001f700       0xfc /opt/devkitpro//libnx/lib/libnx.a(time.o)
                0x000000000001f700                timeGetCurrentTime
 *fill*         0x000000000001f7fc        0x4 
 .text.timeToCalendarTimeWithMyRule
                0x000000000001f800      0x108 /opt/devkitpro//libnx/lib/libnx.a(time.o)
                0x000000000001f800                timeToCalendarTimeWithMyRule
 *fill*         0x000000000001f908        0x8 
 .text.timeToPosixTimeWithMyRule
                0x000000000001f910      0x114 /opt/devkitpro//libnx/lib/libnx.a(time.o)
                0x000000000001f910                timeToPosixTimeWithMyRule
 *fill*         0x000000000001fa24        0xc 
 .text.sessionmgrCreate
                0x000000000001fa30      0x184 /opt/devkitpro//libnx/lib/libnx.a(sessionmgr.o)
                0x000000000001fa30                sessionmgrCreate
 *fill*         0x000000000001fbb4        0xc 
 .text.sessionmgrClose
                0x000000000001fbc0       0x84 /opt/devkitpro//libnx/lib/libnx.a(sessionmgr.o)
                0x000000000001fbc0                sessionmgrClose
 *fill*         0x000000000001fc44        0xc 
 .text.sessionmgrAttachClient
                0x000000000001fc50       0xa8 /opt/devkitpro//libnx/lib/libnx.a(sessionmgr.o)
                0x000000000001fc50                sessionmgrAttachClient
 *fill*         0x000000000001fcf8        0x8 
 .text.sessionmgrDetachClient
                0x000000000001fd00       0x60 /opt/devkitpro//libnx/lib/libnx.a(sessionmgr.o)
                0x000000000001fd00                sessionmgrDetachClient
 .text.pow      0x000000000001fd60      0x498 /opt/devkitpro/devkitA64/bin/../lib/gcc/aarch64-none-elf/15.1.0/../../../../aarch64-none-elf/lib/pic/libm.a(libm_a-pow.o)
                0x000000000001fd60                pow
 *fill*         0x00000000000201f8        0x8 
 .text.ldexp    0x0000000000020200       0x7c /opt/devkitpro/devkitA64/bin/../lib/gcc/aarch64-none-elf/15.1.0/../../../../aarch64-none-elf/lib/pic/libm.a(libm_a-s_ldexp.o)
                0x0000000000020200                ldexp
 *fill*         0x000000000002027c        0x4 
 .text.finite   0x0000000000020280       0x18 /opt/devkitpro/devkitA64/bin/../lib/gcc/aarch64-none-elf/15.1.0/../../../../aarch64-none-elf/lib/pic/libm.a(libm_a-s_finite.o)
                0x0000000000020280                finite
 *fill*         0x0000000000020298        0x8 
 .text.with_errno
                0x00000000000202a0       0x34 /opt/devkitpro/devkitA64/bin/../lib/gcc/aarch64-none-elf/15.1.0/../../../../aarch64-none-elf/lib/pic/libm.a(libm_a-math_err.o)
 *fill*         0x00000000000202d4        0xc 
 .text.xflow    0x00000000000202e0       0x18 /opt/devkitpro/devkitA64/bin/../lib/gcc/aarch64-none-elf/15.1.0/../../../../aarch64-none-elf/lib/pic/libm.a(libm_a-math_err.o)
 *fill*         0x00000000000202f8        0x8 
 .text.__math_uflow
                0x0000000000020300        0xc /opt/devkitpro/devkitA64/bin/../lib/gcc/aarch64-none-elf/15.1.0/../../../../aarch64-none-elf/lib/pic/libm.a(libm_a-math_err.o)
                0x0000000000020300                __math_uflow
 *fill*         0x000000000002030c       0x14 
 .text.__math_oflow
                0x0000000000020320        0xc /opt/devkitpro/devkitA64/bin/../lib/gcc/aarch64-none-elf/15.1.0/../../../../aarch64-none-elf/lib/pic/libm.a(libm_a-math_err.o)
                0x0000000000020320                __math_oflow
 *fill*         0x000000000002032c       0x14 
 .text.__math_divzero
                0x0000000000020340       0x20 /opt/devkitpro/devkitA64/bin/../lib/gcc/aarch64-none-elf/15.1.0/../../../../aarch64-none-elf/lib/pic/libm.a(libm_a-math_err.o)
                0x0000000000020340                __math_divzero
 .text.__math_invalid
                0x0000000000020360       0x20 /opt/devkitpro/devkitA64/bin/../lib/gcc/aarch64-none-elf/15.1.0/../../../../aarch64-none-elf/lib/pic/libm.a(libm_a-math_err.o)
                0x0000000000020360                __math_invalid
 .text.__math_check_uflow
                0x0000000000020380       0x14 /opt/devkitpro/devkitA64/bin/../lib/gcc/aarch64-none-elf/15.1.0/../../../../aarch64-none-elf/lib/pic/libm.a(libm_a-math_err.o)
                0x0000000000020380                __math_check_uflow
 *fill*         0x0000000000020394        0xc 
 .text.__math_check_oflow
                0x00000000000203a0       0x20 /opt/devkitpro/devkitA64/bin/../lib/gcc/aarch64-none-elf/15.1.0/../../../../aarch64-none-elf/lib/pic/libm.a(libm_a-math_err.o)
                0x00000000000203a0                __math_check_oflow
 .text.scalbn   0x00000000000203c0      0x10c /opt/devkitpro/devkitA64/bin/../lib/gcc/aarch64-none-elf/15.1.0/../../../../aarch64-none-elf/lib/pic/libm.a(libm_a-s_scalbn.o)
                0x00000000000203c0                scalbn
 *fill*         0x00000000000204cc       0x14 
 .text.__assert_func
                0x00000000000204e0       0x64 /opt/devkitpro/devkitA64/bin/../lib/gcc/aarch64-none-elf/15.1.0/../../../../aarch64-none-elf/lib/pic/libg.a(libc_a-assert.o)
                0x00000000000204e0                __assert_func
 *fill*         0x0000000000020544       0x1c 
 .text._fclose_r
                0x0000000000020560      0x130 /opt/devkitpro/devkitA64/bin/../lib/gcc/aarch64-none-elf/15.1.0/../../../../aarch64-none-elf/lib/pic/libg.a(libc_a-fclose.o)
                0x0000000000020560                _fclose_r
 *fill*         0x0000000000020690       0x10 
 .text.fclose   0x00000000000206a0       0x1c /opt/devkitpro/devkitA64/bin/../lib/gcc/aarch64-none-elf/15.1.0/../../../../aarch64-none-elf/lib/pic/libg.a(libc_a-fclose.o)
                0x00000000000206a0                fclose
 *fill*         0x00000000000206bc        0x4 
 .text          0x00000000000206c0      0x104 /opt/devkitpro/devkitA64/bin/../lib/gcc/aarch64-none-elf/15.1.0/../../../../aarch64-none-elf/lib/pic/libg.a(libc_a-memset.o)
                0x00000000000206c0                memset
 *fill*         0x00000000000207c4       0x1c 
 .text.setenv   0x00000000000207e0       0x34 /opt/devkitpro/devkitA64/bin/../lib/gcc/aarch64-none-elf/15.1.0/../../../../aarch64-none-elf/lib/pic/libg.a(libc_a-setenv.o)
                0x00000000000207e0                setenv
 *fill*         0x0000000000020814        0xc 
 .text.fprintf  0x0000000000020820       0x80 /opt/devkitpro/devkitA64/bin/../lib/gcc/aarch64-none-elf/15.1.0/../../../../aarch64-none-elf/lib/pic/libg.a(libc_a-fprintf.o)
                0x0000000000020820                fprintf
 .text.stat     0x00000000000208a0       0x2c /opt/devkitpro/devkitA64/bin/../lib/gcc/aarch64-none-elf/15.1.0/../../../../aarch64-none-elf/lib/pic/libg.a(libc_a-sysstat.o)
                0x00000000000208a0                stat
 *fill*         0x00000000000208cc       0x14 
 .text.__submore
                0x00000000000208e0       0xb8 /opt/devkitpro/devkitA64/bin/../lib/gcc/aarch64-none-elf/15.1.0/../../../../aarch64-none-elf/lib/pic/libg.a(libc_a-ungetc.o)
                0x00000000000208e0                __submore
 *fill*         0x0000000000020998        0x8 
 .text._ungetc_r
                0x00000000000209a0      0x220 /opt/devkitpro/devkitA64/bin/../lib/gcc/aarch64-none-elf/15.1.0/../../../../aarch64-none-elf/lib/pic/libg.a(libc_a-ungetc.o)
                0x00000000000209a0                _ungetc_r
 .text.ungetc   0x0000000000020bc0       0x2c /opt/devkitpro/devkitA64/bin/../lib/gcc/aarch64-none-elf/15.1.0/../../../../aarch64-none-elf/lib/pic/libg.a(libc_a-ungetc.o)
                0x0000000000020bc0                ungetc
 *fill*         0x0000000000020bec       0x14 
 .text          0x0000000000020c00      0x134 /opt/devkitpro/devkitA64/bin/../lib/gcc/aarch64-none-elf/15.1.0/../../../../aarch64-none-elf/lib/pic/libg.a(libc_a-strcmp.o)
                0x0000000000020c00                strcmp
 *fill*         0x0000000000020d34        0xc 
 .text.fiprintf
                0x0000000000020d40       0x80 /opt/devkitpro/devkitA64/bin/../lib/gcc/aarch64-none-elf/15.1.0/../../../../aarch64-none-elf/lib/pic/libg.a(libc_a-fiprintf.o)
                0x0000000000020d40                fiprintf
 .text          0x0000000000020dc0      0x1b4 /opt/devkitpro/devkitA64/bin/../lib/gcc/aarch64-none-elf/15.1.0/../../../../aarch64-none-elf/lib/pic/libg.a(libc_a-strncmp.o)
                0x0000000000020dc0                strncmp
 *fill*         0x0000000000020f74        0xc 
 .text.stdio_exit_handler
                0x0000000000020f80       0x1c /opt/devkitpro/devkitA64/bin/../lib/gcc/aarch64-none-elf/15.1.0/../../../../aarch64-none-elf/lib/pic/libg.a(libc_a-findfp.o)
 *fill*         0x0000000000020f9c        0x4 
 .text.cleanup_stdio
                0x0000000000020fa0       0x6c /opt/devkitpro/devkitA64/bin/../lib/gcc/aarch64-none-elf/15.1.0/../../../../aarch64-none-elf/lib/pic/libg.a(libc_a-findfp.o)
 *fill*         0x000000000002100c       0x14 
 .text.global_stdio_init.part.0
                0x0000000000021020      0x134 /opt/devkitpro/devkitA64/bin/../lib/gcc/aarch64-none-elf/15.1.0/../../../../aarch64-none-elf/lib/pic/libg.a(libc_a-findfp.o)
 *fill*         0x0000000000021154        0xc 
 .text.__sfp_lock_acquire
                0x0000000000021160        0xc /opt/devkitpro/devkitA64/bin/../lib/gcc/aarch64-none-elf/15.1.0/../../../../aarch64-none-elf/lib/pic/libg.a(libc_a-findfp.o)
                0x0000000000021160                __sfp_lock_acquire
 *fill*         0x000000000002116c       0x14 
 .text.__sfp_lock_release
                0x0000000000021180        0xc /opt/devkitpro/devkitA64/bin/../lib/gcc/aarch64-none-elf/15.1.0/../../../../aarch64-none-elf/lib/pic/libg.a(libc_a-findfp.o)
                0x0000000000021180                __sfp_lock_release
 *fill*         0x000000000002118c       0x14 
 .text.__sfp    0x00000000000211a0      0x138 /opt/devkitpro/devkitA64/bin/../lib/gcc/aarch64-none-elf/15.1.0/../../../../aarch64-none-elf/lib/pic/libg.a(libc_a-findfp.o)
                0x00000000000211a0                __sfp
 *fill*         0x00000000000212d8        0x8 
 .text.__sinit  0x00000000000212e0       0x54 /opt/devkitpro/devkitA64/bin/../lib/gcc/aarch64-none-elf/15.1.0/../../../../aarch64-none-elf/lib/pic/libg.a(libc_a-findfp.o)
                0x00000000000212e0                __sinit
 *fill*         0x0000000000021334        0xc 
 .text._strtoul_l.isra.0
                0x0000000000021340      0x1a4 /opt/devkitpro/devkitA64/bin/../lib/gcc/aarch64-none-elf/15.1.0/../../../../aarch64-none-elf/lib/pic/libg.a(libc_a-strtoul.o)
 *fill*         0x00000000000214e4       0x1c 
 .text.strtoul  0x0000000000021500       0x40 /opt/devkitpro/devkitA64/bin/../lib/gcc/aarch64-none-elf/15.1.0/../../../../aarch64-none-elf/lib/pic/libg.a(libc_a-strtoul.o)
                0x0000000000021500                strtoul
 .text.__libc_init_array
                0x0000000000021540       0xa4 /opt/devkitpro/devkitA64/bin/../lib/gcc/aarch64-none-elf/15.1.0/../../../../aarch64-none-elf/lib/pic/libg.a(libc_a-init.o)
                0x0000000000021540                __libc_init_array
 *fill*         0x00000000000215e4       0x1c 
 .text.strncat  0x0000000000021600       0x88 /opt/devkitpro/devkitA64/bin/../lib/gcc/aarch64-none-elf/15.1.0/../../../../aarch64-none-elf/lib/pic/libg.a(libc_a-strncat.o)
                0x0000000000021600                strncat
 *fill*         0x0000000000021688       0x18 
 .text._fwalk_sglue
                0x00000000000216a0       0x98 /opt/devkitpro/devkitA64/bin/../lib/gcc/aarch64-none-elf/15.1.0/../../../../aarch64-none-elf/lib/pic/libg.a(libc_a-fwalk.o)
                0x00000000000216a0                _fwalk_sglue
 *fill*         0x0000000000021738        0x8 
 .text.bsearch  0x0000000000021740       0xb4 /opt/devkitpro/devkitA64/bin/../lib/gcc/aarch64-none-elf/15.1.0/../../../../aarch64-none-elf/lib/pic/libg.a(libc_a-bsearch.o)
                0x0000000000021740                bsearch
 *fill*         0x00000000000217f4        0xc 
 .text.__errno  0x0000000000021800       0x14 /opt/devkitpro/devkitA64/bin/../lib/gcc/aarch64-none-elf/15.1.0/../../../../aarch64-none-elf/lib/pic/libg.a(libc_a-errno.o)
                0x0000000000021800                __errno
 *fill*         0x0000000000021814        0xc 
 .text.calloc   0x0000000000021820       0x2c /opt/devkitpro/devkitA64/bin/../lib/gcc/aarch64-none-elf/15.1.0/../../../../aarch64-none-elf/lib/pic/libg.a(libc_a-calloc.o)
                0x0000000000021820                calloc
 *fill*         0x000000000002184c       0x14 
 .text.aligned_alloc
                0x0000000000021860       0x2c /opt/devkitpro/devkitA64/bin/../lib/gcc/aarch64-none-elf/15.1.0/../../../../aarch64-none-elf/lib/pic/libg.a(libc_a-aligned_alloc.o)
                0x0000000000021860                aligned_alloc
 *fill*         0x000000000002188c       0x14 
 .text.abort    0x00000000000218a0       0x18 /opt/devkitpro/devkitA64/bin/../lib/gcc/aarch64-none-elf/15.1.0/../../../../aarch64-none-elf/lib/pic/libg.a(libc_a-abort.o)
                0x00000000000218a0                abort
 *fill*         0x00000000000218b8        0x8 
 .text          0x00000000000218c0      0x22c /opt/devkitpro/devkitA64/bin/../lib/gcc/aarch64-none-elf/15.1.0/../../../../aarch64-none-elf/lib/pic/libg.a(libc_a-memcpy.o)
                0x00000000000218c0                memmove
                0x00000000000218c0                memcpy
 .text.get_arg  0x0000000000021aec      0x790 /opt/devkitpro/devkitA64/bin/../lib/gcc/aarch64-none-elf/15.1.0/../../../../aarch64-none-elf/lib/pic/libg.a(libc_a-vfprintf.o)
 .text._vfprintf_r
                0x000000000002227c     0x3bd4 /opt/devkitpro/devkitA64/bin/../lib/gcc/aarch64-none-elf/15.1.0/../../../../aarch64-none-elf/lib/pic/libg.a(libc_a-vfprintf.o)
                0x000000000002227c                _vfprintf_r
 .text.__sbprintf
                0x0000000000025e50       0xd0 /opt/devkitpro/devkitA64/bin/../lib/gcc/aarch64-none-elf/15.1.0/../../../../aarch64-none-elf/lib/pic/libg.a(libc_a-vfprintf.o)
 .text._calloc_r
                0x0000000000025f20       0xbc /opt/devkitpro/devkitA64/bin/../lib/gcc/aarch64-none-elf/15.1.0/../../../../aarch64-none-elf/lib/pic/libg.a(libc_a-callocr.o)
                0x0000000000025f20                _calloc_r
 *fill*         0x0000000000025fdc        0x4 
 .text.fgetc    0x0000000000025fe0       0xcc /opt/devkitpro/devkitA64/bin/../lib/gcc/aarch64-none-elf/15.1.0/../../../../aarch64-none-elf/lib/pic/libg.a(libc_a-fgetc.o)
                0x0000000000025fe0                fgetc
 *fill*         0x00000000000260ac       0x14 
 .text.realloc  0x00000000000260c0       0x2c /opt/devkitpro/devkitA64/bin/../lib/gcc/aarch64-none-elf/15.1.0/../../../../aarch64-none-elf/lib/pic/libg.a(libc_a-realloc.o)
                0x00000000000260c0                realloc
 *fill*         0x00000000000260ec       0x14 
 .text._fseek_r
                0x0000000000026100        0x4 /opt/devkitpro/devkitA64/bin/../lib/gcc/aarch64-none-elf/15.1.0/../../../../aarch64-none-elf/lib/pic/libg.a(libc_a-fseek.o)
                0x0000000000026100                _fseek_r
 *fill*         0x0000000000026104       0x1c 
 .text.fseek    0x0000000000026120       0x34 /opt/devkitpro/devkitA64/bin/../lib/gcc/aarch64-none-elf/15.1.0/../../../../aarch64-none-elf/lib/pic/libg.a(libc_a-fseek.o)
                0x0000000000026120                fseek
 *fill*         0x0000000000026154        0xc 
 .text._malloc_r
                0x0000000000026160      0x840 /opt/devkitpro/devkitA64/bin/../lib/gcc/aarch64-none-elf/15.1.0/../../../../aarch64-none-elf/lib/pic/libg.a(libc_a-mallocr.o)
                0x0000000000026160                _malloc_r
 .text.quorem   0x00000000000269a0      0x1a4 /opt/devkitpro/devkitA64/bin/../lib/gcc/aarch64-none-elf/15.1.0/../../../../aarch64-none-elf/lib/pic/libg.a(libc_a-dtoa.o)
 *fill*         0x0000000000026b44       0x1c 
 .text._dtoa_r  0x0000000000026b60     0x1320 /opt/devkitpro/devkitA64/bin/../lib/gcc/aarch64-none-elf/15.1.0/../../../../aarch64-none-elf/lib/pic/libg.a(libc_a-dtoa.o)
                0x0000000000026b60                _dtoa_r
 .text._wcrtomb_r
                0x0000000000027e80       0xd0 /opt/devkitpro/devkitA64/bin/../lib/gcc/aarch64-none-elf/15.1.0/../../../../aarch64-none-elf/lib/pic/libg.a(libc_a-wcrtomb.o)
                0x0000000000027e80                _wcrtomb_r
 *fill*         0x0000000000027f50       0x10 
 .text._malloc_trim_r
                0x0000000000027f60      0x11c /opt/devkitpro/devkitA64/bin/../lib/gcc/aarch64-none-elf/15.1.0/../../../../aarch64-none-elf/lib/pic/libg.a(libc_a-freer.o)
                0x0000000000027f60                _malloc_trim_r
 *fill*         0x000000000002807c        0x4 
 .text._free_r  0x0000000000028080      0x2d8 /opt/devkitpro/devkitA64/bin/../lib/gcc/aarch64-none-elf/15.1.0/../../../../aarch64-none-elf/lib/pic/libg.a(libc_a-freer.o)
                0x0000000000028080                _free_r
 *fill*         0x0000000000028358        0x8 
 .text._strtol_l.part.0
                0x0000000000028360      0x2c0 /opt/devkitpro/devkitA64/bin/../lib/gcc/aarch64-none-elf/15.1.0/../../../../aarch64-none-elf/lib/pic/libg.a(libc_a-strtol.o)
 .text.strtol   0x0000000000028620       0x78 /opt/devkitpro/devkitA64/bin/../lib/gcc/aarch64-none-elf/15.1.0/../../../../aarch64-none-elf/lib/pic/libg.a(libc_a-strtol.o)
                0x0000000000028620                strtol
 *fill*         0x0000000000028698        0x8 
 .text.malloc   0x00000000000286a0       0x38 /opt/devkitpro/devkitA64/bin/../lib/gcc/aarch64-none-elf/15.1.0/../../../../aarch64-none-elf/lib/pic/libg.a(libc_a-malloc.o)
                0x00000000000286a0                malloc
 *fill*         0x00000000000286d8        0x8 
 .text.free     0x00000000000286e0       0x1c /opt/devkitpro/devkitA64/bin/../lib/gcc/aarch64-none-elf/15.1.0/../../../../aarch64-none-elf/lib/pic/libg.a(libc_a-malloc.o)
                0x00000000000286e0                free
 *fill*         0x00000000000286fc        0x4 
 .text.__sflush_r
                0x0000000000028700      0x1ec /opt/devkitpro/devkitA64/bin/../lib/gcc/aarch64-none-elf/15.1.0/../../../../aarch64-none-elf/lib/pic/libg.a(libc_a-fflush.o)
                0x0000000000028700                __sflush_r
 *fill*         0x00000000000288ec       0x14 
 .text._fflush_r
                0x0000000000028900       0xbc /opt/devkitpro/devkitA64/bin/../lib/gcc/aarch64-none-elf/15.1.0/../../../../aarch64-none-elf/lib/pic/libg.a(libc_a-fflush.o)
                0x0000000000028900                _fflush_r
 *fill*         0x00000000000289bc        0x4 
 .text.gmtime   0x00000000000289c0       0x28 /opt/devkitpro/devkitA64/bin/../lib/gcc/aarch64-none-elf/15.1.0/../../../../aarch64-none-elf/lib/pic/libg.a(libc_a-gmtime.o)
                0x00000000000289c0                gmtime
 *fill*         0x00000000000289e8       0x18 
 .text          0x0000000000028a00      0x130 /opt/devkitpro/devkitA64/bin/../lib/gcc/aarch64-none-elf/15.1.0/../../../../aarch64-none-elf/lib/pic/libg.a(libc_a-strlen.o)
                0x0000000000028a00                strlen
 *fill*         0x0000000000028b30       0x10 
 .text._realloc_r
                0x0000000000028b40      0x568 /opt/devkitpro/devkitA64/bin/../lib/gcc/aarch64-none-elf/15.1.0/../../../../aarch64-none-elf/lib/pic/libg.a(libc_a-reallocr.o)
                0x0000000000028b40                _realloc_r
 *fill*         0x00000000000290a8       0x18 
 .text._fread_r
                0x00000000000290c0      0x330 /opt/devkitpro/devkitA64/bin/../lib/gcc/aarch64-none-elf/15.1.0/../../../../aarch64-none-elf/lib/pic/libg.a(libc_a-fread.o)
                0x00000000000290c0                _fread_r
 *fill*         0x00000000000293f0       0x10 
 .text.fread    0x0000000000029400       0x34 /opt/devkitpro/devkitA64/bin/../lib/gcc/aarch64-none-elf/15.1.0/../../../../aarch64-none-elf/lib/pic/libg.a(libc_a-fread.o)
                0x0000000000029400                fread
 *fill*         0x0000000000029434        0xc 
 .text          0x0000000000029440       0xb8 /opt/devkitpro/devkitA64/bin/../lib/gcc/aarch64-none-elf/15.1.0/../../../../aarch64-none-elf/lib/pic/libg.a(libc_a-strnlen.o)
                0x0000000000029440                strnlen
 *fill*         0x00000000000294f8        0x8 
 .text.__malloc_lock
                0x0000000000029500        0xc /opt/devkitpro/devkitA64/bin/../lib/gcc/aarch64-none-elf/15.1.0/../../../../aarch64-none-elf/lib/pic/libg.a(libc_a-mlock.o)
                0x0000000000029500                __malloc_lock
 *fill*         0x000000000002950c       0x14 
 .text.__malloc_unlock
                0x0000000000029520        0xc /opt/devkitpro/devkitA64/bin/../lib/gcc/aarch64-none-elf/15.1.0/../../../../aarch64-none-elf/lib/pic/libg.a(libc_a-mlock.o)
                0x0000000000029520                __malloc_unlock
 *fill*         0x000000000002952c       0x14 
 .text._setenv_r
                0x0000000000029540      0x258 /opt/devkitpro/devkitA64/bin/../lib/gcc/aarch64-none-elf/15.1.0/../../../../aarch64-none-elf/lib/pic/libg.a(libc_a-setenv_r.o)
                0x0000000000029540                _setenv_r
 *fill*         0x0000000000029798        0x8 
 .text.__call_exitprocs
                0x00000000000297a0        0x4 /opt/devkitpro/devkitA64/bin/../lib/gcc/aarch64-none-elf/15.1.0/../../../../aarch64-none-elf/lib/pic/libg.a(libc_a-exit.o)
                0x00000000000297a0                __call_exitprocs
 *fill*         0x00000000000297a4       0x1c 
 .text._fopen_r